Archive member included to satisfy reference by file (symbol)

/Users/mtlsnk/Applications/gcc-arm-none-eabi-6-2017-q2-update/bin/../lib/gcc/arm-none-eabi/6.3.1/thumb/v6-m/libgcc.a(_thumb1_case_uqi.o)
                              ./src/system_stm32l0xx.o (__gnu_thumb1_case_uqi)
/Users/mtlsnk/Applications/gcc-arm-none-eabi-6-2017-q2-update/bin/../lib/gcc/arm-none-eabi/6.3.1/thumb/v6-m/libgcc.a(_thumb1_case_uhi.o)
                              ./middlewares/lora/Mac/LoRaMac.o (__gnu_thumb1_case_uhi)
/Users/mtlsnk/Applications/gcc-arm-none-eabi-6-2017-q2-update/bin/../lib/gcc/arm-none-eabi/6.3.1/thumb/v6-m/libgcc.a(_udivsi3.o)
                              ./src/system_stm32l0xx.o (__aeabi_uidiv)
/Users/mtlsnk/Applications/gcc-arm-none-eabi-6-2017-q2-update/bin/../lib/gcc/arm-none-eabi/6.3.1/thumb/v6-m/libgcc.a(_divsi3.o)
                              ./src/stm32l0xx_hw.o (__aeabi_idiv)
/Users/mtlsnk/Applications/gcc-arm-none-eabi-6-2017-q2-update/bin/../lib/gcc/arm-none-eabi/6.3.1/thumb/v6-m/libgcc.a(_dvmd_tls.o)
                              /Users/mtlsnk/Applications/gcc-arm-none-eabi-6-2017-q2-update/bin/../lib/gcc/arm-none-eabi/6.3.1/thumb/v6-m/libgcc.a(_udivsi3.o) (__aeabi_idiv0)
/Users/mtlsnk/Applications/gcc-arm-none-eabi-6-2017-q2-update/bin/../lib/gcc/arm-none-eabi/6.3.1/thumb/v6-m/libgcc.a(_aeabi_uldivmod.o)
                              ./src/hw_rtc.o (__aeabi_uldivmod)
/Users/mtlsnk/Applications/gcc-arm-none-eabi-6-2017-q2-update/bin/../lib/gcc/arm-none-eabi/6.3.1/thumb/v6-m/libgcc.a(_muldi3.o)
                              ./src/hw_rtc.o (__aeabi_lmul)
/Users/mtlsnk/Applications/gcc-arm-none-eabi-6-2017-q2-update/bin/../lib/gcc/arm-none-eabi/6.3.1/thumb/v6-m/libgcc.a(_fixunssfsi.o)
                              ./src/main.o (__aeabi_f2uiz)
/Users/mtlsnk/Applications/gcc-arm-none-eabi-6-2017-q2-update/bin/../lib/gcc/arm-none-eabi/6.3.1/thumb/v6-m/libgcc.a(_udivmoddi4.o)
                              /Users/mtlsnk/Applications/gcc-arm-none-eabi-6-2017-q2-update/bin/../lib/gcc/arm-none-eabi/6.3.1/thumb/v6-m/libgcc.a(_aeabi_uldivmod.o) (__udivmoddi4)
/Users/mtlsnk/Applications/gcc-arm-none-eabi-6-2017-q2-update/bin/../lib/gcc/arm-none-eabi/6.3.1/thumb/v6-m/libgcc.a(divsf3.o)
                              ./src/main.o (__aeabi_fdiv)
/Users/mtlsnk/Applications/gcc-arm-none-eabi-6-2017-q2-update/bin/../lib/gcc/arm-none-eabi/6.3.1/thumb/v6-m/libgcc.a(mulsf3.o)
                              ./src/main.o (__aeabi_fmul)
/Users/mtlsnk/Applications/gcc-arm-none-eabi-6-2017-q2-update/bin/../lib/gcc/arm-none-eabi/6.3.1/thumb/v6-m/libgcc.a(subsf3.o)
                              /Users/mtlsnk/Applications/gcc-arm-none-eabi-6-2017-q2-update/bin/../lib/gcc/arm-none-eabi/6.3.1/thumb/v6-m/libgcc.a(_fixunssfsi.o) (__aeabi_fsub)
/Users/mtlsnk/Applications/gcc-arm-none-eabi-6-2017-q2-update/bin/../lib/gcc/arm-none-eabi/6.3.1/thumb/v6-m/libgcc.a(fixsfsi.o)
                              ./src/main.o (__aeabi_f2iz)
/Users/mtlsnk/Applications/gcc-arm-none-eabi-6-2017-q2-update/bin/../lib/gcc/arm-none-eabi/6.3.1/thumb/v6-m/libgcc.a(floatunsisf.o)
                              ./middlewares/lora/Mac/LoRaMac.o (__aeabi_ui2f)
/Users/mtlsnk/Applications/gcc-arm-none-eabi-6-2017-q2-update/bin/../lib/gcc/arm-none-eabi/6.3.1/thumb/v6-m/libgcc.a(_arm_cmpsf2.o)
                              /Users/mtlsnk/Applications/gcc-arm-none-eabi-6-2017-q2-update/bin/../lib/gcc/arm-none-eabi/6.3.1/thumb/v6-m/libgcc.a(_fixunssfsi.o) (__aeabi_fcmpge)
/Users/mtlsnk/Applications/gcc-arm-none-eabi-6-2017-q2-update/bin/../lib/gcc/arm-none-eabi/6.3.1/thumb/v6-m/libgcc.a(_clzsi2.o)
                              /Users/mtlsnk/Applications/gcc-arm-none-eabi-6-2017-q2-update/bin/../lib/gcc/arm-none-eabi/6.3.1/thumb/v6-m/libgcc.a(divsf3.o) (__clzsi2)
/Users/mtlsnk/Applications/gcc-arm-none-eabi-6-2017-q2-update/bin/../lib/gcc/arm-none-eabi/6.3.1/thumb/v6-m/libgcc.a(_clzdi2.o)
                              /Users/mtlsnk/Applications/gcc-arm-none-eabi-6-2017-q2-update/bin/../lib/gcc/arm-none-eabi/6.3.1/thumb/v6-m/libgcc.a(_udivmoddi4.o) (__clzdi2)
/Users/mtlsnk/Applications/gcc-arm-none-eabi-6-2017-q2-update/bin/../lib/gcc/arm-none-eabi/6.3.1/thumb/v6-m/libgcc.a(eqsf2.o)
                              /Users/mtlsnk/Applications/gcc-arm-none-eabi-6-2017-q2-update/bin/../lib/gcc/arm-none-eabi/6.3.1/thumb/v6-m/libgcc.a(_arm_cmpsf2.o) (__eqsf2)
/Users/mtlsnk/Applications/gcc-arm-none-eabi-6-2017-q2-update/bin/../lib/gcc/arm-none-eabi/6.3.1/thumb/v6-m/libgcc.a(gesf2.o)
                              /Users/mtlsnk/Applications/gcc-arm-none-eabi-6-2017-q2-update/bin/../lib/gcc/arm-none-eabi/6.3.1/thumb/v6-m/libgcc.a(_arm_cmpsf2.o) (__gesf2)
/Users/mtlsnk/Applications/gcc-arm-none-eabi-6-2017-q2-update/bin/../lib/gcc/arm-none-eabi/6.3.1/thumb/v6-m/libgcc.a(lesf2.o)
                              /Users/mtlsnk/Applications/gcc-arm-none-eabi-6-2017-q2-update/bin/../lib/gcc/arm-none-eabi/6.3.1/thumb/v6-m/libgcc.a(_arm_cmpsf2.o) (__lesf2)
[...]
Memory Configuration

Name             Origin             Length             Attributes
RAM              0x0000000020000000 0x0000000000005000 xrw
ROM              0x0000000008000000 0x0000000000030000 xr
*default*        0x0000000000000000 0xffffffffffffffff

Linker script and memory map

LOAD /Users/mtlsnk/Applications/gcc-arm-none-eabi-6-2017-q2-update/bin/../lib/gcc/arm-none-eabi/6.3.1/thumb/v6-m/crti.o
LOAD /Users/mtlsnk/Applications/gcc-arm-none-eabi-6-2017-q2-update/bin/../lib/gcc/arm-none-eabi/6.3.1/thumb/v6-m/crtbegin.o
LOAD /Users/mtlsnk/Applications/gcc-arm-none-eabi-6-2017-q2-update/bin/../lib/gcc/arm-none-eabi/6.3.1/../../../../arm-none-eabi/lib/thumb/v6-m/crt0.o
LOAD ./startup/startup_stm32l073xx.o
LOAD ./src/main.o
LOAD ./src/system_syscalls.o
LOAD ./src/system_stm32l0xx.o
LOAD ./src/bsp.o
LOAD ./src/debug.o
LOAD ./src/hw_gpio.o
LOAD ./src/hw_rtc.o
LOAD ./src/hw_spi.o
LOAD ./src/stm32l0xx_hal_msp.o
LOAD ./src/stm32l0xx_hw.o
LOAD ./src/stm32l0xx_it.o
LOAD ./src/vcom.o
LOAD ./drivers/STM32L0xx_HAL_Driver/src/stm32l0xx_hal.o
LOAD ./drivers/STM32L0xx_HAL_Driver/src/stm32l0xx_hal_cortex.o
LOAD ./drivers/STM32L0xx_HAL_Driver/src/stm32l0xx_hal_gpio.o
LOAD ./drivers/STM32L0xx_HAL_Driver/src/stm32l0xx_hal_pwr.o
LOAD ./drivers/STM32L0xx_HAL_Driver/src/stm32l0xx_hal_pwr_ex.o
LOAD ./drivers/STM32L0xx_HAL_Driver/src/stm32l0xx_hal_rtc.o
LOAD ./drivers/STM32L0xx_HAL_Driver/src/stm32l0xx_hal_rtc_ex.o
LOAD ./drivers/STM32L0xx_HAL_Driver/src/stm32l0xx_hal_spi.o
LOAD ./drivers/BSP/STM32L0xx_Nucleo/stm32l0xx_nucleo.o
LOAD ./drivers/BSP/sx1272mb2das/sx1272mb2das.o
LOAD ./middlewares/lora/core/lora.o
LOAD ./middlewares/lora/crypto/aes.o
LOAD ./middlewares/lora/crypto/cmac.o
LOAD ./middlewares/lora/Mac/LoRaMac.o
LOAD ./middlewares/lora/Mac/LoRaMacCrypto.o
LOAD ./middlewares/lora/Mac/Region/Region.o
LOAD ./middlewares/lora/Mac/Region/RegionEU868.o
LOAD ./middlewares/lora/Utilities/delay.o
LOAD ./middlewares/lora/Utilities/low_power.o
LOAD ./middlewares/lora/Utilities/timeServer.o
LOAD ./middlewares/lora/Utilities/utilities.o
START GROUP
LOAD /Users/mtlsnk/Applications/gcc-arm-none-eabi-6-2017-q2-update/bin/../lib/gcc/arm-none-eabi/6.3.1/thumb/v6-m/libgcc.a
LOAD /Users/mtlsnk/Applications/gcc-arm-none-eabi-6-2017-q2-update/bin/../lib/gcc/arm-none-eabi/6.3.1/../../../../arm-none-eabi/lib/thumb/v6-m/libc.a
END GROUP
LOAD /Users/mtlsnk/Applications/gcc-arm-none-eabi-6-2017-q2-update/bin/../lib/gcc/arm-none-eabi/6.3.1/thumb/v6-m/crtend.o
LOAD /Users/mtlsnk/Applications/gcc-arm-none-eabi-6-2017-q2-update/bin/../lib/gcc/arm-none-eabi/6.3.1/thumb/v6-m/crtn.o
                0x0000000020005000                _estack = 0x20005000
                0x0000000000000000                _Min_Heap_Size = 0x0
                0x0000000000000400                _Min_Stack_Size = 0x400

.isr_vector     0x0000000008000000       0xc0
                0x0000000008000000                . = ALIGN (0x4)
 *(.isr_vector)
 .isr_vector    0x0000000008000000       0xc0 ./startup/startup_stm32l073xx.o
                0x0000000008000000                g_pfnVectors
                0x00000000080000c0                . = ALIGN (0x4)

.text           0x00000000080000c0     0xc600
                0x00000000080000c0                . = ALIGN (0x4)
 *(.text)
 .text          0x00000000080000c0       0x60 /Users/mtlsnk/Applications/gcc-arm-none-eabi-6-2017-q2-update/bin/../lib/gcc/arm-none-eabi/6.3.1/thumb/v6-m/crtbegin.o
 .text          0x0000000008000120       0x14 /Users/mtlsnk/Applications/gcc-arm-none-eabi-6-2017-q2-update/bin/../lib/gcc/arm-none-eabi/6.3.1/thumb/v6-m/libgcc.a(_thumb1_case_uqi.o)
                0x0000000008000120                __gnu_thumb1_case_uqi
 .text          0x0000000008000134       0x14 /Users/mtlsnk/Applications/gcc-arm-none-eabi-6-2017-q2-update/bin/../lib/gcc/arm-none-eabi/6.3.1/thumb/v6-m/libgcc.a(_thumb1_case_uhi.o)
                0x0000000008000134                __gnu_thumb1_case_uhi
 .text          0x0000000008000148      0x114 /Users/mtlsnk/Applications/gcc-arm-none-eabi-6-2017-q2-update/bin/../lib/gcc/arm-none-eabi/6.3.1/thumb/v6-m/libgcc.a(_udivsi3.o)
                0x0000000008000148                __udivsi3
                0x0000000008000148                __aeabi_uidiv
                0x0000000008000254                __aeabi_uidivmod
 .text          0x000000000800025c      0x1d4 /Users/mtlsnk/Applications/gcc-arm-none-eabi-6-2017-q2-update/bin/../lib/gcc/arm-none-eabi/6.3.1/thumb/v6-m/libgcc.a(_divsi3.o)
                0x000000000800025c                __aeabi_idiv
                0x000000000800025c                __divsi3
                0x0000000008000428                __aeabi_idivmod
 .text          0x0000000008000430        0x4 /Users/mtlsnk/Applications/gcc-arm-none-eabi-6-2017-q2-update/bin/../lib/gcc/arm-none-eabi/6.3.1/thumb/v6-m/libgcc.a(_dvmd_tls.o)
                0x0000000008000430                __aeabi_ldiv0
                0x0000000008000430                __aeabi_idiv0
 .text          0x0000000008000434       0x40 /Users/mtlsnk/Applications/gcc-arm-none-eabi-6-2017-q2-update/bin/../lib/gcc/arm-none-eabi/6.3.1/thumb/v6-m/libgcc.a(_aeabi_uldivmod.o)
                0x0000000008000434                __aeabi_uldivmod
 .text          0x0000000008000474       0x54 /Users/mtlsnk/Applications/gcc-arm-none-eabi-6-2017-q2-update/bin/../lib/gcc/arm-none-eabi/6.3.1/thumb/v6-m/libgcc.a(_muldi3.o)
                0x0000000008000474                __aeabi_lmul
                0x0000000008000474                __muldi3
 .text          0x00000000080004c8       0x30 /Users/mtlsnk/Applications/gcc-arm-none-eabi-6-2017-q2-update/bin/../lib/gcc/arm-none-eabi/6.3.1/thumb/v6-m/libgcc.a(_fixunssfsi.o)
                0x00000000080004c8                __aeabi_f2uiz
                0x00000000080004c8                __fixunssfsi
 .text          0x00000000080004f8      0x180 /Users/mtlsnk/Applications/gcc-arm-none-eabi-6-2017-q2-update/bin/../lib/gcc/arm-none-eabi/6.3.1/thumb/v6-m/libgcc.a(_udivmoddi4.o)
                0x00000000080004f8                __udivmoddi4
 .text          0x0000000008000678      0x290 /Users/mtlsnk/Applications/gcc-arm-none-eabi-6-2017-q2-update/bin/../lib/gcc/arm-none-eabi/6.3.1/thumb/v6-m/libgcc.a(divsf3.o)
                0x0000000008000678                __aeabi_fdiv
 .text          0x0000000008000908      0x240 /Users/mtlsnk/Applications/gcc-arm-none-eabi-6-2017-q2-update/bin/../lib/gcc/arm-none-eabi/6.3.1/thumb/v6-m/libgcc.a(mulsf3.o)
                0x0000000008000908                __aeabi_fmul
 .text          0x0000000008000b48      0x338 /Users/mtlsnk/Applications/gcc-arm-none-eabi-6-2017-q2-update/bin/../lib/gcc/arm-none-eabi/6.3.1/thumb/v6-m/libgcc.a(subsf3.o)
                0x0000000008000b48                __aeabi_fsub
 .text          0x0000000008000e80       0x40 /Users/mtlsnk/Applications/gcc-arm-none-eabi-6-2017-q2-update/bin/../lib/gcc/arm-none-eabi/6.3.1/thumb/v6-m/libgcc.a(fixsfsi.o)
                0x0000000008000e80                __aeabi_f2iz
 .text          0x0000000008000ec0       0x8c /Users/mtlsnk/Applications/gcc-arm-none-eabi-6-2017-q2-update/bin/../lib/gcc/arm-none-eabi/6.3.1/thumb/v6-m/libgcc.a(floatunsisf.o)
                0x0000000008000ec0                __aeabi_ui2f
 .text          0x0000000008000f4c       0x74 /Users/mtlsnk/Applications/gcc-arm-none-eabi-6-2017-q2-update/bin/../lib/gcc/arm-none-eabi/6.3.1/thumb/v6-m/libgcc.a(_arm_cmpsf2.o)
                0x0000000008000f4c                __aeabi_cfrcmple
                0x0000000008000f54                __aeabi_cfcmple
                0x0000000008000f54                __aeabi_cfcmpeq
                0x0000000008000f64                __aeabi_fcmpeq
                0x0000000008000f70                __aeabi_fcmplt
                0x0000000008000f84                __aeabi_fcmple
                0x0000000008000f98                __aeabi_fcmpgt
                0x0000000008000fac                __aeabi_fcmpge
 .text          0x0000000008000fc0       0x3c /Users/mtlsnk/Applications/gcc-arm-none-eabi-6-2017-q2-update/bin/../lib/gcc/arm-none-eabi/6.3.1/thumb/v6-m/libgcc.a(_clzsi2.o)
                0x0000000008000fc0                __clzsi2
 .text          0x0000000008000ffc       0x18 /Users/mtlsnk/Applications/gcc-arm-none-eabi-6-2017-q2-update/bin/../lib/gcc/arm-none-eabi/6.3.1/thumb/v6-m/libgcc.a(_clzdi2.o)
                0x0000000008000ffc                __clzdi2
 .text          0x0000000008001014       0x4c /Users/mtlsnk/Applications/gcc-arm-none-eabi-6-2017-q2-update/bin/../lib/gcc/arm-none-eabi/6.3.1/thumb/v6-m/libgcc.a(eqsf2.o)
                0x0000000008001014                __nesf2
                0x0000000008001014                __eqsf2
 .text          0x0000000008001060       0x80 /Users/mtlsnk/Applications/gcc-arm-none-eabi-6-2017-q2-update/bin/../lib/gcc/arm-none-eabi/6.3.1/thumb/v6-m/libgcc.a(gesf2.o)
                0x0000000008001060                __gtsf2
                0x0000000008001060                __gesf2
 .text          0x00000000080010e0       0x84 /Users/mtlsnk/Applications/gcc-arm-none-eabi-6-2017-q2-update/bin/../lib/gcc/arm-none-eabi/6.3.1/thumb/v6-m/libgcc.a(lesf2.o)
                0x00000000080010e0                __lesf2
                0x00000000080010e0                __ltsf2
 .text          0x0000000008001164       0x7c /Users/mtlsnk/Applications/gcc-arm-none-eabi-6-2017-q2-update/bin/../lib/gcc/arm-none-eabi/6.3.1/thumb/v6-m/libgcc.a(_arm_cmpdf2.o)
                0x0000000008001164                __aeabi_cdrcmple
                0x0000000008001174                __aeabi_cdcmple
                0x0000000008001174                __aeabi_cdcmpeq
                0x0000000008001184                __aeabi_dcmpeq
                0x0000000008001190                __aeabi_dcmplt
                0x00000000080011a4                __aeabi_dcmple
                0x00000000080011b8                __aeabi_dcmpgt
                0x00000000080011cc                __aeabi_dcmpge
 .text          0x00000000080011e0      0x620 /Users/mtlsnk/Applications/gcc-arm-none-eabi-6-2017-q2-update/bin/../lib/gcc/arm-none-eabi/6.3.1/thumb/v6-m/libgcc.a(adddf3.o)
                0x00000000080011e0                __aeabi_dadd
 .text          0x0000000008001800      0x668 /Users/mtlsnk/Applications/gcc-arm-none-eabi-6-2017-q2-update/bin/../lib/gcc/arm-none-eabi/6.3.1/thumb/v6-m/libgcc.a(divdf3.o)
                0x0000000008001800                __aeabi_ddiv
 .text          0x0000000008001e68       0x74 /Users/mtlsnk/Applications/gcc-arm-none-eabi-6-2017-q2-update/bin/../lib/gcc/arm-none-eabi/6.3.1/thumb/v6-m/libgcc.a(eqdf2.o)
                0x0000000008001e68                __eqdf2
                0x0000000008001e68                __nedf2
 .text          0x0000000008001edc       0xc8 /Users/mtlsnk/Applications/gcc-arm-none-eabi-6-2017-q2-update/bin/../lib/gcc/arm-none-eabi/6.3.1/thumb/v6-m/libgcc.a(gedf2.o)
                0x0000000008001edc                __gtdf2
                0x0000000008001edc                __gedf2
 .text          0x0000000008001fa4       0xc4 /Users/mtlsnk/Applications/gcc-arm-none-eabi-6-2017-q2-update/bin/../lib/gcc/arm-none-eabi/6.3.1/thumb/v6-m/libgcc.a(ledf2.o)
                0x0000000008001fa4                __ltdf2
                0x0000000008001fa4                __ledf2
 .text          0x0000000008002068      0x500 /Users/mtlsnk/Applications/gcc-arm-none-eabi-6-2017-q2-update/bin/../lib/gcc/arm-none-eabi/6.3.1/thumb/v6-m/libgcc.a(muldf3.o)
                0x0000000008002068                __aeabi_dmul
 .text          0x0000000008002568      0x62c /Users/mtlsnk/Applications/gcc-arm-none-eabi-6-2017-q2-update/bin/../lib/gcc/arm-none-eabi/6.3.1/thumb/v6-m/libgcc.a(subdf3.o)
                0x0000000008002568                __aeabi_dsub
 .text          0x0000000008002b94       0x40 /Users/mtlsnk/Applications/gcc-arm-none-eabi-6-2017-q2-update/bin/../lib/gcc/arm-none-eabi/6.3.1/thumb/v6-m/libgcc.a(unorddf2.o)
                0x0000000008002b94                __aeabi_dcmpun
 .text          0x0000000008002bd4       0x68 /Users/mtlsnk/Applications/gcc-arm-none-eabi-6-2017-q2-update/bin/../lib/gcc/arm-none-eabi/6.3.1/thumb/v6-m/libgcc.a(fixdfsi.o)
                0x0000000008002bd4                __aeabi_d2iz
 .text          0x0000000008002c3c       0x84 /Users/mtlsnk/Applications/gcc-arm-none-eabi-6-2017-q2-update/bin/../lib/gcc/arm-none-eabi/6.3.1/thumb/v6-m/libgcc.a(floatsidf.o)
                0x0000000008002c3c                __aeabi_i2d
 .text          0x0000000008002cc0       0x70 /Users/mtlsnk/Applications/gcc-arm-none-eabi-6-2017-q2-update/bin/../lib/gcc/arm-none-eabi/6.3.1/thumb/v6-m/libgcc.a(floatunsidf.o)
                0x0000000008002cc0                __aeabi_ui2d
 *(.text*)
 .text.Reset_Handler
                0x0000000008002d30       0x50 ./startup/startup_stm32l073xx.o
                0x0000000008002d30                Reset_Handler
 .text.Default_Handler
                0x0000000008002d80        0x2 ./startup/startup_stm32l073xx.o
                0x0000000008002d80                LPTIM1_IRQHandler
                0x0000000008002d80                ADC1_COMP_IRQHandler
                0x0000000008002d80                PVD_IRQHandler
                0x0000000008002d80                I2C1_IRQHandler
                0x0000000008002d80                RCC_CRS_IRQHandler
                0x0000000008002d80                SPI1_IRQHandler
                0x0000000008002d80                TIM6_DAC_IRQHandler
                0x0000000008002d80                I2C2_IRQHandler
                0x0000000008002d80                LCD_IRQHandler
                0x0000000008002d80                DMA1_Channel4_5_6_7_IRQHandler
                0x0000000008002d80                TIM3_IRQHandler
                0x0000000008002d80                DMA1_Channel1_IRQHandler
                0x0000000008002d80                USART4_5_IRQHandler
                0x0000000008002d80                Default_Handler
                0x0000000008002d80                TIM22_IRQHandler
                0x0000000008002d80                TIM7_IRQHandler
                0x0000000008002d80                USB_IRQHandler
                0x0000000008002d80                I2C3_IRQHandler
                0x0000000008002d80                SPI2_IRQHandler
                0x0000000008002d80                TIM21_IRQHandler
                0x0000000008002d80                WWDG_IRQHandler
                0x0000000008002d80                TIM2_IRQHandler
                0x0000000008002d80                DMA1_Channel2_3_IRQHandler
                0x0000000008002d80                FLASH_IRQHandler
                0x0000000008002d80                USART1_IRQHandler
                0x0000000008002d80                RNG_LPUART1_IRQHandler
                0x0000000008002d80                TSC_IRQHandler
 *fill*         0x0000000008002d82        0x2 
 .text.LoraTxData
                0x0000000008002d84       0xc8 ./src/main.o
 .text.LoraRxData
                0x0000000008002e4c       0x4c ./src/main.o
 .text.startup.main
                0x0000000008002e98       0x48 ./src/main.o
                0x0000000008002e98                main
 .text._sbrk    0x0000000008002ee0       0x34 ./src/system_syscalls.o
                0x0000000008002ee0                _sbrk
 .text.SystemInit
                0x0000000008002f14       0x5c ./src/system_stm32l0xx.o
                0x0000000008002f14                SystemInit
 .text.BSP_sensor_Read
                0x0000000008002f70       0x1c ./src/bsp.o
                0x0000000008002f70                BSP_sensor_Read
 .text.BSP_sensor_Init
                0x0000000008002f8c        0x2 ./src/bsp.o
                0x0000000008002f8c                BSP_sensor_Init
 *fill*         0x0000000008002f8e        0x2 
 .text.DBG_Init
                0x0000000008002f90       0x64 ./src/debug.o
                0x0000000008002f90                DBG_Init
 .text.Error_Handler
                0x0000000008002ff4        0x2 ./src/debug.o
                0x0000000008002ff4                Error_Handler
 *fill*         0x0000000008002ff6        0x2 
 .text.HW_GPIO_GetBitPos
                0x0000000008002ff8       0x3c ./src/hw_gpio.o
 .text.HW_GPIO_Init
                0x0000000008003034       0x98 ./src/hw_gpio.o
                0x0000000008003034                HW_GPIO_Init
 .text.HW_GPIO_SetIrq
                0x00000000080030cc       0x34 ./src/hw_gpio.o
                0x00000000080030cc                HW_GPIO_SetIrq
 .text.HW_GPIO_IrqHandler
                0x0000000008003100       0x18 ./src/hw_gpio.o
                0x0000000008003100                HW_GPIO_IrqHandler
 .text.HW_GPIO_Write
                0x0000000008003118        0xa ./src/hw_gpio.o
                0x0000000008003118                HW_GPIO_Write
 *fill*         0x0000000008003122        0x2 
 .text.HW_RTC_GetCalendarValue
                0x0000000008003124       0xa0 ./src/hw_rtc.o
 .text.HW_RTC_setMcuWakeUpTime
                0x00000000080031c4       0x74 ./src/hw_rtc.o
                0x00000000080031c4                HW_RTC_setMcuWakeUpTime
 .text.HW_RTC_GetMinimumTimeout
                0x0000000008003238        0x4 ./src/hw_rtc.o
                0x0000000008003238                HW_RTC_GetMinimumTimeout
 .text.HW_RTC_ms2Tick
                0x000000000800323c       0x10 ./src/hw_rtc.o
                0x000000000800323c                HW_RTC_ms2Tick
 .text.HW_RTC_Tick2ms
                0x000000000800324c       0x14 ./src/hw_rtc.o
                0x000000000800324c                HW_RTC_Tick2ms
 .text.HW_RTC_GetTimerElapsedTime
                0x0000000008003260       0x18 ./src/hw_rtc.o
                0x0000000008003260                HW_RTC_GetTimerElapsedTime
 .text.HW_RTC_GetTimerValue
                0x0000000008003278        0xe ./src/hw_rtc.o
                0x0000000008003278                HW_RTC_GetTimerValue
 *fill*         0x0000000008003286        0x2 
 .text.HW_RTC_StopAlarm
                0x0000000008003288       0x24 ./src/hw_rtc.o
                0x0000000008003288                HW_RTC_StopAlarm
 .text.HW_RTC_SetAlarm
                0x00000000080032ac      0x160 ./src/hw_rtc.o
                0x00000000080032ac                HW_RTC_SetAlarm
 .text.HW_RTC_IrqHandler
                0x000000000800340c       0x3c ./src/hw_rtc.o
                0x000000000800340c                HW_RTC_IrqHandler
 .text.HW_RTC_SetTimerContext
                0x0000000008003448       0x18 ./src/hw_rtc.o
                0x0000000008003448                HW_RTC_SetTimerContext
 .text.HW_RTC_Init
                0x0000000008003460       0x80 ./src/hw_rtc.o
                0x0000000008003460                HW_RTC_Init
 .text.HW_RTC_GetTimerContext
                0x00000000080034e0        0xc ./src/hw_rtc.o
                0x00000000080034e0                HW_RTC_GetTimerContext
 .text.HW_SPI_IoInit
                0x00000000080034ec       0x60 ./src/hw_spi.o
                0x00000000080034ec                HW_SPI_IoInit
 .text.HW_SPI_Init
                0x000000000800354c       0x88 ./src/hw_spi.o
                0x000000000800354c                HW_SPI_Init
 .text.HW_SPI_IoDeInit
                0x00000000080035d4       0x7c ./src/hw_spi.o
                0x00000000080035d4                HW_SPI_IoDeInit
 .text.HAL_InitTick
                0x0000000008003650        0x4 ./src/stm32l0xx_hal_msp.o
                0x0000000008003650                HAL_InitTick
 .text.HAL_MspInit
                0x0000000008003654       0x30 ./src/stm32l0xx_hal_msp.o
                0x0000000008003654                HAL_MspInit
 .text.HAL_RTC_MspInit
                0x0000000008003684       0x5c ./src/stm32l0xx_hal_msp.o
                0x0000000008003684                HAL_RTC_MspInit
 .text.HAL_RTC_AlarmAEventCallback
                0x00000000080036e0        0x8 ./src/stm32l0xx_hal_msp.o
                0x00000000080036e0                HAL_RTC_AlarmAEventCallback
 .text.HAL_GPIO_EXTI_Callback
                0x00000000080036e8        0x8 ./src/stm32l0xx_hal_msp.o
                0x00000000080036e8                HAL_GPIO_EXTI_Callback
 .text.MSP_GetIRQn
                0x00000000080036f0       0x20 ./src/stm32l0xx_hal_msp.o
                0x00000000080036f0                MSP_GetIRQn
 .text.SystemClock_Config
                0x0000000008003710       0x94 ./src/stm32l0xx_hw.o
                0x0000000008003710                SystemClock_Config
 .text.HW_GetRandomSeed
                0x00000000080037a4       0x20 ./src/stm32l0xx_hw.o
                0x00000000080037a4                HW_GetRandomSeed
 .text.HW_GetUniqueId
                0x00000000080037c4       0x54 ./src/stm32l0xx_hw.o
                0x00000000080037c4                HW_GetUniqueId
 .text.HW_AdcInit
                0x0000000008003818       0x58 ./src/stm32l0xx_hw.o
                0x0000000008003818                HW_AdcInit
 .text.HW_Init  0x0000000008003870       0x34 ./src/stm32l0xx_hw.o
                0x0000000008003870                HW_Init
 .text.HW_AdcReadChannel
                0x00000000080038a4       0x98 ./src/stm32l0xx_hw.o
                0x00000000080038a4                HW_AdcReadChannel
 .text.HW_GetBatteryLevel
                0x000000000800393c       0x54 ./src/stm32l0xx_hw.o
                0x000000000800393c                HW_GetBatteryLevel
 .text.HW_EnterStopMode
                0x0000000008003990       0x38 ./src/stm32l0xx_hw.o
                0x0000000008003990                HW_EnterStopMode
 .text.HW_ExitStopMode
                0x00000000080039c8       0x60 ./src/stm32l0xx_hw.o
                0x00000000080039c8                HW_ExitStopMode
 .text.HW_EnterSleepMode
                0x0000000008003a28        0xc ./src/stm32l0xx_hw.o
                0x0000000008003a28                HW_EnterSleepMode
 .text.NMI_Handler
                0x0000000008003a34        0x2 ./src/stm32l0xx_it.o
                0x0000000008003a34                NMI_Handler
 .text.HardFault_Handler
                0x0000000008003a36        0x4 ./src/stm32l0xx_it.o
                0x0000000008003a36                HardFault_Handler
 .text.SVC_Handler
                0x0000000008003a3a        0x2 ./src/stm32l0xx_it.o
                0x0000000008003a3a                SVC_Handler
 .text.DebugMon_Handler
                0x0000000008003a3c        0x2 ./src/stm32l0xx_it.o
                0x0000000008003a3c                DebugMon_Handler
 .text.PendSV_Handler
                0x0000000008003a3e        0x2 ./src/stm32l0xx_it.o
                0x0000000008003a3e                PendSV_Handler
 .text.SysTick_Handler
                0x0000000008003a40        0x8 ./src/stm32l0xx_it.o
                0x0000000008003a40                SysTick_Handler
 .text.USART2_IRQHandler
                0x0000000008003a48        0x8 ./src/stm32l0xx_it.o
                0x0000000008003a48                USART2_IRQHandler
 .text.RTC_IRQHandler
                0x0000000008003a50        0x8 ./src/stm32l0xx_it.o
                0x0000000008003a50                RTC_IRQHandler
 .text.EXTI0_1_IRQHandler
                0x0000000008003a58       0x10 ./src/stm32l0xx_it.o
                0x0000000008003a58                EXTI0_1_IRQHandler
 .text.EXTI2_3_IRQHandler
                0x0000000008003a68       0x10 ./src/stm32l0xx_it.o
                0x0000000008003a68                EXTI2_3_IRQHandler
 .text.EXTI4_15_IRQHandler
                0x0000000008003a78       0x5c ./src/stm32l0xx_it.o
                0x0000000008003a78                EXTI4_15_IRQHandler
 .text.vcom_Init
                0x0000000008003ad4       0x44 ./src/vcom.o
                0x0000000008003ad4                vcom_Init
 .text.vcom_Send
                0x0000000008003b18       0x8c ./src/vcom.o
                0x0000000008003b18                vcom_Send
 .text.vcom_Print
                0x0000000008003ba4       0x6c ./src/vcom.o
                0x0000000008003ba4                vcom_Print
 .text.vcom_IoInit
                0x0000000008003c10       0x60 ./src/vcom.o
                0x0000000008003c10                vcom_IoInit
 .text.vcom_IoDeInit
                0x0000000008003c70       0x58 ./src/vcom.o
                0x0000000008003c70                vcom_IoDeInit
 .text.HAL_Init
                0x0000000008003cc8       0x20 ./drivers/STM32L0xx_HAL_Driver/src/stm32l0xx_hal.o
                0x0000000008003cc8                HAL_Init
 .text.HAL_IncTick
                0x0000000008003ce8       0x10 ./drivers/STM32L0xx_HAL_Driver/src/stm32l0xx_hal.o
                0x0000000008003ce8                HAL_IncTick
 .text.HAL_GetTick
                0x0000000008003cf8        0xc ./drivers/STM32L0xx_HAL_Driver/src/stm32l0xx_hal.o
                0x0000000008003cf8                HAL_GetTick
 .text.HAL_DBGMCU_DisableDBGSleepMode
                0x0000000008003d04       0x10 ./drivers/STM32L0xx_HAL_Driver/src/stm32l0xx_hal.o
                0x0000000008003d04                HAL_DBGMCU_DisableDBGSleepMode
 .text.HAL_DBGMCU_DisableDBGStopMode
                0x0000000008003d14       0x10 ./drivers/STM32L0xx_HAL_Driver/src/stm32l0xx_hal.o
                0x0000000008003d14                HAL_DBGMCU_DisableDBGStopMode
 .text.HAL_DBGMCU_DisableDBGStandbyMode
                0x0000000008003d24       0x10 ./drivers/STM32L0xx_HAL_Driver/src/stm32l0xx_hal.o
                0x0000000008003d24                HAL_DBGMCU_DisableDBGStandbyMode
 .text.HAL_NVIC_SetPriority
                0x0000000008003d34       0x60 ./drivers/STM32L0xx_HAL_Driver/src/stm32l0xx_hal_cortex.o
                0x0000000008003d34                HAL_NVIC_SetPriority
 .text.HAL_NVIC_EnableIRQ
                0x0000000008003d94       0x14 ./drivers/STM32L0xx_HAL_Driver/src/stm32l0xx_hal_cortex.o
                0x0000000008003d94                HAL_NVIC_EnableIRQ
 .text.HAL_NVIC_SetPendingIRQ
                0x0000000008003da8       0x14 ./drivers/STM32L0xx_HAL_Driver/src/stm32l0xx_hal_cortex.o
                0x0000000008003da8                HAL_NVIC_SetPendingIRQ
 .text.HAL_NVIC_GetPendingIRQ
                0x0000000008003dbc       0x18 ./drivers/STM32L0xx_HAL_Driver/src/stm32l0xx_hal_cortex.o
                0x0000000008003dbc                HAL_NVIC_GetPendingIRQ
 .text.HAL_NVIC_ClearPendingIRQ
                0x0000000008003dd4       0x18 ./drivers/STM32L0xx_HAL_Driver/src/stm32l0xx_hal_cortex.o
                0x0000000008003dd4                HAL_NVIC_ClearPendingIRQ
 .text.HAL_GPIO_Init
                0x0000000008003dec      0x178 ./drivers/STM32L0xx_HAL_Driver/src/stm32l0xx_hal_gpio.o
                0x0000000008003dec                HAL_GPIO_Init
 .text.HAL_GPIO_WritePin
                0x0000000008003f64        0xc ./drivers/STM32L0xx_HAL_Driver/src/stm32l0xx_hal_gpio.o
                0x0000000008003f64                HAL_GPIO_WritePin
 .text.HAL_GPIO_EXTI_IRQHandler
                0x0000000008003f70       0x18 ./drivers/STM32L0xx_HAL_Driver/src/stm32l0xx_hal_gpio.o
                0x0000000008003f70                HAL_GPIO_EXTI_IRQHandler
 .text.HAL_PWR_DisablePVD
                0x0000000008003f88       0x10 ./drivers/STM32L0xx_HAL_Driver/src/stm32l0xx_hal_pwr.o
                0x0000000008003f88                HAL_PWR_DisablePVD
 .text.HAL_PWR_EnterSLEEPMode
                0x0000000008003f98       0x30 ./drivers/STM32L0xx_HAL_Driver/src/stm32l0xx_hal_pwr.o
                0x0000000008003f98                HAL_PWR_EnterSLEEPMode
 .text.HAL_PWR_EnterSTOPMode
                0x0000000008003fc8       0x38 ./drivers/STM32L0xx_HAL_Driver/src/stm32l0xx_hal_pwr.o
                0x0000000008003fc8                HAL_PWR_EnterSTOPMode
 .text.HAL_PWREx_EnableFastWakeUp
                0x0000000008004000       0x14 ./drivers/STM32L0xx_HAL_Driver/src/stm32l0xx_hal_pwr_ex.o
                0x0000000008004000                HAL_PWREx_EnableFastWakeUp
 .text.HAL_PWREx_EnableUltraLowPower
                0x0000000008004014       0x14 ./drivers/STM32L0xx_HAL_Driver/src/stm32l0xx_hal_pwr_ex.o
                0x0000000008004014                HAL_PWREx_EnableUltraLowPower
 .text.HAL_RTC_DeactivateAlarm
                0x0000000008004028       0xc0 ./drivers/STM32L0xx_HAL_Driver/src/stm32l0xx_hal_rtc.o
                0x0000000008004028                HAL_RTC_DeactivateAlarm
 .text.HAL_RTC_WaitForSynchro
                0x00000000080040e8       0x34 ./drivers/STM32L0xx_HAL_Driver/src/stm32l0xx_hal_rtc.o
                0x00000000080040e8                HAL_RTC_WaitForSynchro
 .text.RTC_EnterInitMode
                0x000000000800411c       0x38 ./drivers/STM32L0xx_HAL_Driver/src/stm32l0xx_hal_rtc.o
                0x000000000800411c                RTC_EnterInitMode
 .text.HAL_RTC_Init
                0x0000000008004154       0x94 ./drivers/STM32L0xx_HAL_Driver/src/stm32l0xx_hal_rtc.o
                0x0000000008004154                HAL_RTC_Init
 .text.RTC_ByteToBcd2
                0x00000000080041e8       0x16 ./drivers/STM32L0xx_HAL_Driver/src/stm32l0xx_hal_rtc.o
                0x00000000080041e8                RTC_ByteToBcd2
 *fill*         0x00000000080041fe        0x2 
 .text.HAL_RTC_SetTime
                0x0000000008004200       0xfc ./drivers/STM32L0xx_HAL_Driver/src/stm32l0xx_hal_rtc.o
                0x0000000008004200                HAL_RTC_SetTime
 .text.HAL_RTC_SetDate
                0x00000000080042fc       0xd8 ./drivers/STM32L0xx_HAL_Driver/src/stm32l0xx_hal_rtc.o
                0x00000000080042fc                HAL_RTC_SetDate
 .text.HAL_RTC_SetAlarm_IT
                0x00000000080043d4      0x194 ./drivers/STM32L0xx_HAL_Driver/src/stm32l0xx_hal_rtc.o
                0x00000000080043d4                HAL_RTC_SetAlarm_IT
 .text.RTC_Bcd2ToByte
                0x0000000008004568       0x10 ./drivers/STM32L0xx_HAL_Driver/src/stm32l0xx_hal_rtc.o
                0x0000000008004568                RTC_Bcd2ToByte
 .text.HAL_RTC_GetTime
                0x0000000008004578       0x54 ./drivers/STM32L0xx_HAL_Driver/src/stm32l0xx_hal_rtc.o
                0x0000000008004578                HAL_RTC_GetTime
 .text.HAL_RTC_GetDate
                0x00000000080045cc       0x44 ./drivers/STM32L0xx_HAL_Driver/src/stm32l0xx_hal_rtc.o
                0x00000000080045cc                HAL_RTC_GetDate
 .text.HAL_RTC_GetAlarm
                0x0000000008004610       0xc4 ./drivers/STM32L0xx_HAL_Driver/src/stm32l0xx_hal_rtc.o
                0x0000000008004610                HAL_RTC_GetAlarm
 .text.HAL_RTCEx_EnableBypassShadow
                0x00000000080046d4       0x32 ./drivers/STM32L0xx_HAL_Driver/src/stm32l0xx_hal_rtc_ex.o
                0x00000000080046d4                HAL_RTCEx_EnableBypassShadow
 .text.HAL_SPI_MspInit
                0x0000000008004706        0x2 ./drivers/STM32L0xx_HAL_Driver/src/stm32l0xx_hal_spi.o
                0x0000000008004706                HAL_SPI_MspInit
 .text.HAL_SPI_Init
                0x0000000008004708       0x80 ./drivers/STM32L0xx_HAL_Driver/src/stm32l0xx_hal_spi.o
                0x0000000008004708                HAL_SPI_Init
 .text.SX1272GetWakeTime
                0x0000000008004788        0x4 ./drivers/BSP/sx1272mb2das/sx1272mb2das.o
                0x0000000008004788                SX1272GetWakeTime
 .text.SX1272SetXO
                0x000000000800478c        0x2 ./drivers/BSP/sx1272mb2das/sx1272mb2das.o
                0x000000000800478c                SX1272SetXO
 .text.SX1272SetAntSwLowPower
                0x000000000800478e        0x2 ./drivers/BSP/sx1272mb2das/sx1272mb2das.o
                0x000000000800478e                SX1272SetAntSwLowPower
 .text.SX1272SetAntSw
                0x0000000008004790       0x14 ./drivers/BSP/sx1272mb2das/sx1272mb2das.o
                0x0000000008004790                SX1272SetAntSw
 .text.SX1272CheckRfFrequency
                0x00000000080047a4        0x4 ./drivers/BSP/sx1272mb2das/sx1272mb2das.o
                0x00000000080047a4                SX1272CheckRfFrequency
 .text.SX1272SetRfTxPower
                0x00000000080047a8       0x44 ./drivers/BSP/sx1272mb2das/sx1272mb2das.o
                0x00000000080047a8                SX1272SetRfTxPower
 .text.SX1272IoInit
                0x00000000080047ec       0x60 ./drivers/BSP/sx1272mb2das/sx1272mb2das.o
                0x00000000080047ec                SX1272IoInit
 .text.SX1272IoDeInit
                0x000000000800484c       0x50 ./drivers/BSP/sx1272mb2das/sx1272mb2das.o
                0x000000000800484c                SX1272IoDeInit
 .text.SX1272IoIrqInit
                0x000000000800489c       0x40 ./drivers/BSP/sx1272mb2das/sx1272mb2das.o
                0x000000000800489c                SX1272IoIrqInit
 .text.McpsConfirm
                0x00000000080048dc        0xc ./middlewares/lora/core/lora.o
 .text.MlmeConfirm
                0x00000000080048e8       0x4c ./middlewares/lora/core/lora.o
 .text.McpsIndication
                0x0000000008004934      0x1a8 ./middlewares/lora/core/lora.o
 .text.OnSendEvent
                0x0000000008004adc       0x30 ./middlewares/lora/core/lora.o
                0x0000000008004adc                OnSendEvent
 .text.OnTxNextPacketTimerEvent
                0x0000000008004b0c       0x14 ./middlewares/lora/core/lora.o
 .text.lora_Init
                0x0000000008004b20       0xb4 ./middlewares/lora/core/lora.o
                0x0000000008004b20                lora_Init
 .text.lora_fsm
                0x0000000008004bd4      0x1bc ./middlewares/lora/core/lora.o
                0x0000000008004bd4                lora_fsm
 .text.lora_getDeviceState
                0x0000000008004d90        0xc ./middlewares/lora/core/lora.o
                0x0000000008004d90                lora_getDeviceState
 .text.xor_block
                0x0000000008004d9c       0x82 ./middlewares/lora/crypto/aes.o
 .text.copy_and_key
                0x0000000008004e1e       0x84 ./middlewares/lora/crypto/aes.o
 *fill*         0x0000000008004ea2        0x2 
 .text.aes_set_key
                0x0000000008004ea4      0x10c ./middlewares/lora/crypto/aes.o
                0x0000000008004ea4                aes_set_key
 .text.aes_encrypt
                0x0000000008004fb0      0x284 ./middlewares/lora/crypto/aes.o
                0x0000000008004fb0                aes_encrypt
 .text.AES_CMAC_Init
                0x0000000008005234       0x20 ./middlewares/lora/crypto/cmac.o
                0x0000000008005234                AES_CMAC_Init
 .text.AES_CMAC_SetKey
                0x0000000008005254        0xe ./middlewares/lora/crypto/cmac.o
                0x0000000008005254                AES_CMAC_SetKey
 .text.AES_CMAC_Update
                0x0000000008005262       0xba ./middlewares/lora/crypto/cmac.o
                0x0000000008005262                AES_CMAC_Update
 .text.AES_CMAC_Final
                0x000000000800531c      0x156 ./middlewares/lora/crypto/cmac.o
                0x000000000800531c                AES_CMAC_Final
 *fill*         0x0000000008005472        0x2 
 .text.ResetMacParameters
                0x0000000008005474       0x90 ./middlewares/lora/Mac/LoRaMac.o
 .text.ValidatePayloadLength
                0x0000000008005504       0x4c ./middlewares/lora/Mac/LoRaMac.o
 .text.OnAckTimeoutTimerEvent
                0x0000000008005550       0x3c ./middlewares/lora/Mac/LoRaMac.o
 .text.PrepareRxDoneAbort
                0x000000000800558c       0x3c ./middlewares/lora/Mac/LoRaMac.o
 .text.RxWindowSetup
                0x00000000080055c8       0x1c ./middlewares/lora/Mac/LoRaMac.o
 .text.OnRxWindow1TimerEvent
                0x00000000080055e4       0x78 ./middlewares/lora/Mac/LoRaMac.o
 .text.OnRxWindow2TimerEvent
                0x000000000800565c       0x6c ./middlewares/lora/Mac/LoRaMac.o
 .text.OnRadioTxTimeout
                0x00000000080056c8       0x44 ./middlewares/lora/Mac/LoRaMac.o
 .text.OnRadioTxDone
                0x000000000800570c      0x11c ./middlewares/lora/Mac/LoRaMac.o
 .text.OnRadioRxTimeout
                0x0000000008005828       0x84 ./middlewares/lora/Mac/LoRaMac.o
 .text.OnRadioRxError
                0x00000000080058ac       0x80 ./middlewares/lora/Mac/LoRaMac.o
 .text.ProcessMacCommands
                0x000000000800592c      0x3e8 ./middlewares/lora/Mac/LoRaMac.o
 .text.OnRadioRxDone
                0x0000000008005d14      0x4f4 ./middlewares/lora/Mac/LoRaMac.o
 .text.PrepareFrame
                0x0000000008006208      0x368 ./middlewares/lora/Mac/LoRaMac.o
                0x0000000008006208                PrepareFrame
 .text.SendFrameOnChannel
                0x0000000008006570       0xb4 ./middlewares/lora/Mac/LoRaMac.o
                0x0000000008006570                SendFrameOnChannel
 .text.ScheduleTx
                0x0000000008006624      0x160 ./middlewares/lora/Mac/LoRaMac.o
 .text.Send     0x0000000008006784       0x40 ./middlewares/lora/Mac/LoRaMac.o
                0x0000000008006784                Send
 .text.OnTxDelayedTimerEvent
                0x00000000080067c4       0x7c ./middlewares/lora/Mac/LoRaMac.o
 .text.OnMacStateCheckTimerEvent
                0x0000000008006840      0x288 ./middlewares/lora/Mac/LoRaMac.o
 .text.SetTxContinuousWave
                0x0000000008006ac8       0x58 ./middlewares/lora/Mac/LoRaMac.o
                0x0000000008006ac8                SetTxContinuousWave
 .text.SetTxContinuousWave1
                0x0000000008006b20       0x3c ./middlewares/lora/Mac/LoRaMac.o
                0x0000000008006b20                SetTxContinuousWave1
 .text.LoRaMacInitialization
                0x0000000008006b5c      0x280 ./middlewares/lora/Mac/LoRaMac.o
                0x0000000008006b5c                LoRaMacInitialization
 .text.LoRaMacQueryTxPossible
                0x0000000008006ddc       0xd0 ./middlewares/lora/Mac/LoRaMac.o
                0x0000000008006ddc                LoRaMacQueryTxPossible
 .text.LoRaMacMibGetRequestConfirm
                0x0000000008006eac      0x11c ./middlewares/lora/Mac/LoRaMac.o
                0x0000000008006eac                LoRaMacMibGetRequestConfirm
 .text.LoRaMacMibSetRequestConfirm
                0x0000000008006fc8      0x2c0 ./middlewares/lora/Mac/LoRaMac.o
                0x0000000008006fc8                LoRaMacMibSetRequestConfirm
 .text.LoRaMacMlmeRequest
                0x0000000008007288      0x170 ./middlewares/lora/Mac/LoRaMac.o
                0x0000000008007288                LoRaMacMlmeRequest
 .text.LoRaMacMcpsRequest
                0x00000000080073f8      0x148 ./middlewares/lora/Mac/LoRaMac.o
                0x00000000080073f8                LoRaMacMcpsRequest
 .text.LoRaMacTestSetDutyCycleOn
                0x0000000008007540       0x28 ./middlewares/lora/Mac/LoRaMac.o
                0x0000000008007540                LoRaMacTestSetDutyCycleOn
 .text.LoRaMacComputeMic
                0x0000000008007568       0x88 ./middlewares/lora/Mac/LoRaMacCrypto.o
                0x0000000008007568                LoRaMacComputeMic
 .text.LoRaMacPayloadEncrypt
                0x00000000080075f0       0xec ./middlewares/lora/Mac/LoRaMacCrypto.o
                0x00000000080075f0                LoRaMacPayloadEncrypt
 .text.LoRaMacPayloadDecrypt
                0x00000000080076dc       0x1a ./middlewares/lora/Mac/LoRaMacCrypto.o
                0x00000000080076dc                LoRaMacPayloadDecrypt
 *fill*         0x00000000080076f6        0x2 
 .text.LoRaMacJoinComputeMic
                0x00000000080076f8       0x50 ./middlewares/lora/Mac/LoRaMacCrypto.o
                0x00000000080076f8                LoRaMacJoinComputeMic
 .text.LoRaMacJoinDecrypt
                0x0000000008007748       0x48 ./middlewares/lora/Mac/LoRaMacCrypto.o
                0x0000000008007748                LoRaMacJoinDecrypt
 .text.LoRaMacJoinComputeSKeys
                0x0000000008007790       0x9c ./middlewares/lora/Mac/LoRaMacCrypto.o
                0x0000000008007790                LoRaMacJoinComputeSKeys
 .text.RegionIsActive
                0x000000000800782c        0x8 ./middlewares/lora/Mac/Region/Region.o
                0x000000000800782c                RegionIsActive
 .text.RegionGetPhyParam
                0x0000000008007834       0x12 ./middlewares/lora/Mac/Region/Region.o
                0x0000000008007834                RegionGetPhyParam
 .text.RegionSetBandTxDone
                0x0000000008007846        0xe ./middlewares/lora/Mac/Region/Region.o
                0x0000000008007846                RegionSetBandTxDone
 .text.RegionInitDefaults
                0x0000000008007854        0xe ./middlewares/lora/Mac/Region/Region.o
                0x0000000008007854                RegionInitDefaults
 .text.RegionVerify
                0x0000000008007862       0x16 ./middlewares/lora/Mac/Region/Region.o
                0x0000000008007862                RegionVerify
 .text.RegionApplyCFList
                0x0000000008007878        0xe ./middlewares/lora/Mac/Region/Region.o
                0x0000000008007878                RegionApplyCFList
 .text.RegionChanMaskSet
                0x0000000008007886       0x12 ./middlewares/lora/Mac/Region/Region.o
                0x0000000008007886                RegionChanMaskSet
 .text.RegionAdrNext
                0x0000000008007898       0x1a ./middlewares/lora/Mac/Region/Region.o
                0x0000000008007898                RegionAdrNext
 .text.RegionComputeRxWindowParameters
                0x00000000080078b2       0x16 ./middlewares/lora/Mac/Region/Region.o
                0x00000000080078b2                RegionComputeRxWindowParameters
 .text.RegionRxConfig
                0x00000000080078c8       0x16 ./middlewares/lora/Mac/Region/Region.o
                0x00000000080078c8                RegionRxConfig
 .text.RegionTxConfig
                0x00000000080078de       0x18 ./middlewares/lora/Mac/Region/Region.o
                0x00000000080078de                RegionTxConfig
 .text.RegionLinkAdrReq
                0x00000000080078f6       0x1e ./middlewares/lora/Mac/Region/Region.o
                0x00000000080078f6                RegionLinkAdrReq
 .text.RegionRxParamSetupReq
                0x0000000008007914       0x12 ./middlewares/lora/Mac/Region/Region.o
                0x0000000008007914                RegionRxParamSetupReq
 .text.RegionNewChannelReq
                0x0000000008007926       0x12 ./middlewares/lora/Mac/Region/Region.o
                0x0000000008007926                RegionNewChannelReq
 .text.RegionTxParamSetupReq
                0x0000000008007938       0x12 ./middlewares/lora/Mac/Region/Region.o
                0x0000000008007938                RegionTxParamSetupReq
 .text.RegionDlChannelReq
                0x000000000800794a       0x12 ./middlewares/lora/Mac/Region/Region.o
                0x000000000800794a                RegionDlChannelReq
 .text.RegionAlternateDr
                0x000000000800795c       0x12 ./middlewares/lora/Mac/Region/Region.o
                0x000000000800795c                RegionAlternateDr
 .text.RegionCalcBackOff
                0x000000000800796e        0xe ./middlewares/lora/Mac/Region/Region.o
                0x000000000800796e                RegionCalcBackOff
 .text.RegionNextChannel
                0x000000000800797c       0x1a ./middlewares/lora/Mac/Region/Region.o
                0x000000000800797c                RegionNextChannel
 .text.RegionSetContinuousWave
                0x0000000008007996        0xe ./middlewares/lora/Mac/Region/Region.o
                0x0000000008007996                RegionSetContinuousWave
 .text.RegionApplyDrOffset
                0x00000000080079a4       0x18 ./middlewares/lora/Mac/Region/Region.o
                0x00000000080079a4                RegionApplyDrOffset
 .text.VerifyTxFreq
                0x00000000080079bc       0x9c ./middlewares/lora/Mac/Region/RegionEU868.o
 .text.RegionEU868GetPhyParam
                0x0000000008007a58       0xd4 ./middlewares/lora/Mac/Region/RegionEU868.o
                0x0000000008007a58                RegionEU868GetPhyParam
 .text.RegionEU868SetBandTxDone
                0x0000000008007b2c       0x28 ./middlewares/lora/Mac/Region/RegionEU868.o
                0x0000000008007b2c                RegionEU868SetBandTxDone
 .text.RegionEU868InitDefaults
                0x0000000008007b54       0x54 ./middlewares/lora/Mac/Region/RegionEU868.o
                0x0000000008007b54                RegionEU868InitDefaults
 .text.RegionEU868Verify
                0x0000000008007ba8       0x4c ./middlewares/lora/Mac/Region/RegionEU868.o
                0x0000000008007ba8                RegionEU868Verify
 .text.RegionEU868ChanMaskSet
                0x0000000008007bf4       0x2c ./middlewares/lora/Mac/Region/RegionEU868.o
                0x0000000008007bf4                RegionEU868ChanMaskSet
 .text.RegionEU868AdrNext
                0x0000000008007c20       0x74 ./middlewares/lora/Mac/Region/RegionEU868.o
                0x0000000008007c20                RegionEU868AdrNext
 .text.RegionEU868ComputeRxWindowParameters
                0x0000000008007c94       0x84 ./middlewares/lora/Mac/Region/RegionEU868.o
                0x0000000008007c94                RegionEU868ComputeRxWindowParameters
 .text.RegionEU868RxConfig
                0x0000000008007d18       0xec ./middlewares/lora/Mac/Region/RegionEU868.o
                0x0000000008007d18                RegionEU868RxConfig
 .text.RegionEU868TxConfig
                0x0000000008007e04      0x124 ./middlewares/lora/Mac/Region/RegionEU868.o
                0x0000000008007e04                RegionEU868TxConfig
 .text.RegionEU868LinkAdrReq
                0x0000000008007f28      0x118 ./middlewares/lora/Mac/Region/RegionEU868.o
                0x0000000008007f28                RegionEU868LinkAdrReq
 .text.RegionEU868RxParamSetupReq
                0x0000000008008040       0x48 ./middlewares/lora/Mac/Region/RegionEU868.o
                0x0000000008008040                RegionEU868RxParamSetupReq
 .text.RegionEU868TxParamSetupReq
                0x0000000008008088        0x6 ./middlewares/lora/Mac/Region/RegionEU868.o
                0x0000000008008088                RegionEU868TxParamSetupReq
 *fill*         0x000000000800808e        0x2 
 .text.RegionEU868DlChannelReq
                0x0000000008008090       0x40 ./middlewares/lora/Mac/Region/RegionEU868.o
                0x0000000008008090                RegionEU868DlChannelReq
 .text.RegionEU868AlternateDr
                0x00000000080080d0       0x3c ./middlewares/lora/Mac/Region/RegionEU868.o
                0x00000000080080d0                RegionEU868AlternateDr
 .text.RegionEU868CalcBackOff
                0x000000000800810c       0x38 ./middlewares/lora/Mac/Region/RegionEU868.o
                0x000000000800810c                RegionEU868CalcBackOff
 .text.RegionEU868NextChannel
                0x0000000008008144      0x118 ./middlewares/lora/Mac/Region/RegionEU868.o
                0x0000000008008144                RegionEU868NextChannel
 .text.RegionEU868ChannelAdd
                0x000000000800825c       0xd0 ./middlewares/lora/Mac/Region/RegionEU868.o
                0x000000000800825c                RegionEU868ChannelAdd
 .text.RegionEU868ChannelsRemove
                0x000000000800832c       0x30 ./middlewares/lora/Mac/Region/RegionEU868.o
                0x000000000800832c                RegionEU868ChannelsRemove
 .text.RegionEU868ApplyCFList
                0x000000000800835c       0x6c ./middlewares/lora/Mac/Region/RegionEU868.o
                0x000000000800835c                RegionEU868ApplyCFList
 .text.RegionEU868NewChannelReq
                0x00000000080083c8       0x50 ./middlewares/lora/Mac/Region/RegionEU868.o
                0x00000000080083c8                RegionEU868NewChannelReq
 .text.RegionEU868SetContinuousWave
                0x0000000008008418       0x50 ./middlewares/lora/Mac/Region/RegionEU868.o
                0x0000000008008418                RegionEU868SetContinuousWave
 .text.RegionEU868ApplyDrOffset
                0x0000000008008468       0x10 ./middlewares/lora/Mac/Region/RegionEU868.o
                0x0000000008008468                RegionEU868ApplyDrOffset
 .text.LowPower_Disable
                0x0000000008008478       0x18 ./middlewares/lora/Utilities/low_power.o
                0x0000000008008478                LowPower_Disable
 .text.LowPower_Enable
                0x0000000008008490       0x18 ./middlewares/lora/Utilities/low_power.o
                0x0000000008008490                LowPower_Enable
 .text.LowPower_GetState
                0x00000000080084a8        0xc ./middlewares/lora/Utilities/low_power.o
                0x00000000080084a8                LowPower_GetState
 .text.LowPower_Handler
                0x00000000080084b4       0x24 ./middlewares/lora/Utilities/low_power.o
                0x00000000080084b4                LowPower_Handler
 .text.TimerSetTimeout
                0x00000000080084d8       0x2a ./middlewares/lora/Utilities/timeServer.o
 *fill*         0x0000000008008502        0x2 
 .text.TimerInsertNewHeadTimer
                0x0000000008008504       0x1c ./middlewares/lora/Utilities/timeServer.o
 .text.TimerInit
                0x0000000008008520        0xe ./middlewares/lora/Utilities/timeServer.o
                0x0000000008008520                TimerInit
 *fill*         0x000000000800852e        0x2 
 .text.TimerStart
                0x0000000008008530       0x70 ./middlewares/lora/Utilities/timeServer.o
                0x0000000008008530                TimerStart
 .text.TimerIrqHandler
                0x00000000080085a0       0x74 ./middlewares/lora/Utilities/timeServer.o
                0x00000000080085a0                TimerIrqHandler
 .text.TimerStop
                0x0000000008008614       0x58 ./middlewares/lora/Utilities/timeServer.o
                0x0000000008008614                TimerStop
 .text.TimerSetValue
                0x000000000800866c       0x22 ./middlewares/lora/Utilities/timeServer.o
                0x000000000800866c                TimerSetValue
 .text.TimerGetCurrentTime
                0x000000000800868e        0xc ./middlewares/lora/Utilities/timeServer.o
                0x000000000800868e                TimerGetCurrentTime
 .text.TimerGetElapsedTime
                0x000000000800869a       0x18 ./middlewares/lora/Utilities/timeServer.o
                0x000000000800869a                TimerGetElapsedTime
 *fill*         0x00000000080086b2        0x2 
 .text.rand1    0x00000000080086b4       0x2c ./middlewares/lora/Utilities/utilities.o
                0x00000000080086b4                rand1
 .text.srand1   0x00000000080086e0        0xc ./middlewares/lora/Utilities/utilities.o
                0x00000000080086e0                srand1
 .text.randr    0x00000000080086ec       0x16 ./middlewares/lora/Utilities/utilities.o
                0x00000000080086ec                randr
 .text.memcpy1  0x0000000008008702       0x12 ./middlewares/lora/Utilities/utilities.o
                0x0000000008008702                memcpy1
 .text.memcpyr  0x0000000008008714       0x18 ./middlewares/lora/Utilities/utilities.o
                0x0000000008008714                memcpyr
 .text.memset1  0x000000000800872c       0x18 ./middlewares/lora/Utilities/utilities.o
                0x000000000800872c                memset1
 .text.__errno  0x0000000008008744        0xc /Users/mtlsnk/Applications/gcc-arm-none-eabi-6-2017-q2-update/bin/../lib/gcc/arm-none-eabi/6.3.1/../../../../arm-none-eabi/lib/thumb/v6-m/libc.a(lib_a-errno.o)
                0x0000000008008744                __errno
 .text.__libc_init_array
                0x0000000008008750       0x48 /Users/mtlsnk/Applications/gcc-arm-none-eabi-6-2017-q2-update/bin/../lib/gcc/arm-none-eabi/6.3.1/../../../../arm-none-eabi/lib/thumb/v6-m/libc.a(lib_a-init.o)
                0x0000000008008750                __libc_init_array
 .text.memcpy   0x0000000008008798       0x84 /Users/mtlsnk/Applications/gcc-arm-none-eabi-6-2017-q2-update/bin/../lib/gcc/arm-none-eabi/6.3.1/../../../../arm-none-eabi/lib/thumb/v6-m/libc.a(lib_a-memcpy-stub.o)
                0x0000000008008798                memcpy
 .text.memset   0x000000000800881c       0x94 /Users/mtlsnk/Applications/gcc-arm-none-eabi-6-2017-q2-update/bin/../lib/gcc/arm-none-eabi/6.3.1/../../../../arm-none-eabi/lib/thumb/v6-m/libc.a(lib_a-memset.o)
                0x000000000800881c                memset
 .text._vsprintf_r
                0x00000000080088b0       0x30 /Users/mtlsnk/Applications/gcc-arm-none-eabi-6-2017-q2-update/bin/../lib/gcc/arm-none-eabi/6.3.1/../../../../arm-none-eabi/lib/thumb/v6-m/libc.a(lib_a-vsprintf.o)
                0x00000000080088b0                _vsprintf_r
 .text.vsprintf
                0x00000000080088e0       0x18 /Users/mtlsnk/Applications/gcc-arm-none-eabi-6-2017-q2-update/bin/../lib/gcc/arm-none-eabi/6.3.1/../../../../arm-none-eabi/lib/thumb/v6-m/libc.a(lib_a-vsprintf.o)
                0x00000000080088e0                vsprintf
 .text.startup.register_fini
                0x00000000080088f8       0x18 /Users/mtlsnk/Applications/gcc-arm-none-eabi-6-2017-q2-update/bin/../lib/gcc/arm-none-eabi/6.3.1/../../../../arm-none-eabi/lib/thumb/v6-m/libc.a(lib_a-__call_atexit.o)
 .text.atexit   0x0000000008008910       0x10 /Users/mtlsnk/Applications/gcc-arm-none-eabi-6-2017-q2-update/bin/../lib/gcc/arm-none-eabi/6.3.1/../../../../arm-none-eabi/lib/thumb/v6-m/libc.a(lib_a-atexit.o)
                0x0000000008008910                atexit
 .text.__libc_fini_array
                0x0000000008008920       0x34 /Users/mtlsnk/Applications/gcc-arm-none-eabi-6-2017-q2-update/bin/../lib/gcc/arm-none-eabi/6.3.1/../../../../arm-none-eabi/lib/thumb/v6-m/libc.a(lib_a-fini.o)
                0x0000000008008920                __libc_fini_array
 .text.__retarget_lock_acquire_recursive
                0x0000000008008954        0x4 /Users/mtlsnk/Applications/gcc-arm-none-eabi-6-2017-q2-update/bin/../lib/gcc/arm-none-eabi/6.3.1/../../../../arm-none-eabi/lib/thumb/v6-m/libc.a(lib_a-lock.o)
                0x0000000008008954                __retarget_lock_acquire_recursive
 .text.__retarget_lock_release_recursive
                0x0000000008008958        0x4 /Users/mtlsnk/Applications/gcc-arm-none-eabi-6-2017-q2-update/bin/../lib/gcc/arm-none-eabi/6.3.1/../../../../arm-none-eabi/lib/thumb/v6-m/libc.a(lib_a-lock.o)
                0x0000000008008958                __retarget_lock_release_recursive
 .text._svfprintf_r
                0x000000000800895c     0x1608 /Users/mtlsnk/Applications/gcc-arm-none-eabi-6-2017-q2-update/bin/../lib/gcc/arm-none-eabi/6.3.1/../../../../arm-none-eabi/lib/thumb/v6-m/libc.a(lib_a-svfprintf.o)
                0x000000000800895c                _svfprintf_r
 .text.__register_exitproc
                0x0000000008009f64       0xf4 /Users/mtlsnk/Applications/gcc-arm-none-eabi-6-2017-q2-update/bin/../lib/gcc/arm-none-eabi/6.3.1/../../../../arm-none-eabi/lib/thumb/v6-m/libc.a(lib_a-__atexit.o)
                0x0000000008009f64                __register_exitproc
 .text.quorem   0x000000000800a058      0x154 /Users/mtlsnk/Applications/gcc-arm-none-eabi-6-2017-q2-update/bin/../lib/gcc/arm-none-eabi/6.3.1/../../../../arm-none-eabi/lib/thumb/v6-m/libc.a(lib_a-dtoa.o)
 .text._dtoa_r  0x000000000800a1ac      0xf88 /Users/mtlsnk/Applications/gcc-arm-none-eabi-6-2017-q2-update/bin/../lib/gcc/arm-none-eabi/6.3.1/../../../../arm-none-eabi/lib/thumb/v6-m/libc.a(lib_a-dtoa.o)
                0x000000000800a1ac                _dtoa_r
 .text._localeconv_r
                0x000000000800b134       0x1c /Users/mtlsnk/Applications/gcc-arm-none-eabi-6-2017-q2-update/bin/../lib/gcc/arm-none-eabi/6.3.1/../../../../arm-none-eabi/lib/thumb/v6-m/libc.a(lib_a-localeconv.o)
                0x000000000800b134                _localeconv_r
 .text._malloc_r
                0x000000000800b150      0x568 /Users/mtlsnk/Applications/gcc-arm-none-eabi-6-2017-q2-update/bin/../lib/gcc/arm-none-eabi/6.3.1/../../../../arm-none-eabi/lib/thumb/v6-m/libc.a(lib_a-mallocr.o)
                0x000000000800b150                _malloc_r
 .text.memchr   0x000000000800b6b8       0x80 /Users/mtlsnk/Applications/gcc-arm-none-eabi-6-2017-q2-update/bin/../lib/gcc/arm-none-eabi/6.3.1/../../../../arm-none-eabi/lib/thumb/v6-m/libc.a(lib_a-memchr-stub.o)
                0x000000000800b6b8                memchr
 .text.__malloc_lock
                0x000000000800b738       0x10 /Users/mtlsnk/Applications/gcc-arm-none-eabi-6-2017-q2-update/bin/../lib/gcc/arm-none-eabi/6.3.1/../../../../arm-none-eabi/lib/thumb/v6-m/libc.a(lib_a-mlock.o)
                0x000000000800b738                __malloc_lock
 .text.__malloc_unlock
                0x000000000800b748       0x10 /Users/mtlsnk/Applications/gcc-arm-none-eabi-6-2017-q2-update/bin/../lib/gcc/arm-none-eabi/6.3.1/../../../../arm-none-eabi/lib/thumb/v6-m/libc.a(lib_a-mlock.o)
                0x000000000800b748                __malloc_unlock
 .text._Balloc  0x000000000800b758       0x50 /Users/mtlsnk/Applications/gcc-arm-none-eabi-6-2017-q2-update/bin/../lib/gcc/arm-none-eabi/6.3.1/../../../../arm-none-eabi/lib/thumb/v6-m/libc.a(lib_a-mprec.o)
                0x000000000800b758                _Balloc
 .text._Bfree   0x000000000800b7a8       0x14 /Users/mtlsnk/Applications/gcc-arm-none-eabi-6-2017-q2-update/bin/../lib/gcc/arm-none-eabi/6.3.1/../../../../arm-none-eabi/lib/thumb/v6-m/libc.a(lib_a-mprec.o)
                0x000000000800b7a8                _Bfree
 .text.__multadd
                0x000000000800b7bc       0x8c /Users/mtlsnk/Applications/gcc-arm-none-eabi-6-2017-q2-update/bin/../lib/gcc/arm-none-eabi/6.3.1/../../../../arm-none-eabi/lib/thumb/v6-m/libc.a(lib_a-mprec.o)
                0x000000000800b7bc                __multadd
 .text.__hi0bits
                0x000000000800b848       0x34 /Users/mtlsnk/Applications/gcc-arm-none-eabi-6-2017-q2-update/bin/../lib/gcc/arm-none-eabi/6.3.1/../../../../arm-none-eabi/lib/thumb/v6-m/libc.a(lib_a-mprec.o)
                0x000000000800b848                __hi0bits
 .text.__lo0bits
                0x000000000800b87c       0x5c /Users/mtlsnk/Applications/gcc-arm-none-eabi-6-2017-q2-update/bin/../lib/gcc/arm-none-eabi/6.3.1/../../../../arm-none-eabi/lib/thumb/v6-m/libc.a(lib_a-mprec.o)
                0x000000000800b87c                __lo0bits
 .text.__i2b    0x000000000800b8d8       0x14 /Users/mtlsnk/Applications/gcc-arm-none-eabi-6-2017-q2-update/bin/../lib/gcc/arm-none-eabi/6.3.1/../../../../arm-none-eabi/lib/thumb/v6-m/libc.a(lib_a-mprec.o)
                0x000000000800b8d8                __i2b
 .text.__multiply
                0x000000000800b8ec      0x154 /Users/mtlsnk/Applications/gcc-arm-none-eabi-6-2017-q2-update/bin/../lib/gcc/arm-none-eabi/6.3.1/../../../../arm-none-eabi/lib/thumb/v6-m/libc.a(lib_a-mprec.o)
                0x000000000800b8ec                __multiply
 .text.__pow5mult
                0x000000000800ba40       0xc0 /Users/mtlsnk/Applications/gcc-arm-none-eabi-6-2017-q2-update/bin/../lib/gcc/arm-none-eabi/6.3.1/../../../../arm-none-eabi/lib/thumb/v6-m/libc.a(lib_a-mprec.o)
                0x000000000800ba40                __pow5mult
 .text.__lshift
                0x000000000800bb00       0xc0 /Users/mtlsnk/Applications/gcc-arm-none-eabi-6-2017-q2-update/bin/../lib/gcc/arm-none-eabi/6.3.1/../../../../arm-none-eabi/lib/thumb/v6-m/libc.a(lib_a-mprec.o)
                0x000000000800bb00                __lshift
 .text.__mcmp   0x000000000800bbc0       0x34 /Users/mtlsnk/Applications/gcc-arm-none-eabi-6-2017-q2-update/bin/../lib/gcc/arm-none-eabi/6.3.1/../../../../arm-none-eabi/lib/thumb/v6-m/libc.a(lib_a-mprec.o)
                0x000000000800bbc0                __mcmp
 .text.__mdiff  0x000000000800bbf4      0x138 /Users/mtlsnk/Applications/gcc-arm-none-eabi-6-2017-q2-update/bin/../lib/gcc/arm-none-eabi/6.3.1/../../../../arm-none-eabi/lib/thumb/v6-m/libc.a(lib_a-mprec.o)
                0x000000000800bbf4                __mdiff
 .text.__d2b    0x000000000800bd2c       0xbc /Users/mtlsnk/Applications/gcc-arm-none-eabi-6-2017-q2-update/bin/../lib/gcc/arm-none-eabi/6.3.1/../../../../arm-none-eabi/lib/thumb/v6-m/libc.a(lib_a-mprec.o)
                0x000000000800bd2c                __d2b
 .text._sbrk_r  0x000000000800bde8       0x24 /Users/mtlsnk/Applications/gcc-arm-none-eabi-6-2017-q2-update/bin/../lib/gcc/arm-none-eabi/6.3.1/../../../../arm-none-eabi/lib/thumb/v6-m/libc.a(lib_a-sbrkr.o)
                0x000000000800bde8                _sbrk_r
 .text.strlen   0x000000000800be0c       0x64 /Users/mtlsnk/Applications/gcc-arm-none-eabi-6-2017-q2-update/bin/../lib/gcc/arm-none-eabi/6.3.1/../../../../arm-none-eabi/lib/thumb/v6-m/libc.a(lib_a-strlen-stub.o)
                0x000000000800be0c                strlen
 .text.__ssprint_r
                0x000000000800be70      0x120 /Users/mtlsnk/Applications/gcc-arm-none-eabi-6-2017-q2-update/bin/../lib/gcc/arm-none-eabi/6.3.1/../../../../arm-none-eabi/lib/thumb/v6-m/libc.a(lib_a-svfiprintf.o)
                0x000000000800be70                __ssprint_r
 .text._calloc_r
                0x000000000800bf90       0x58 /Users/mtlsnk/Applications/gcc-arm-none-eabi-6-2017-q2-update/bin/../lib/gcc/arm-none-eabi/6.3.1/../../../../arm-none-eabi/lib/thumb/v6-m/libc.a(lib_a-callocr.o)
                0x000000000800bf90                _calloc_r
 .text._malloc_trim_r
                0x000000000800bfe8       0xa0 /Users/mtlsnk/Applications/gcc-arm-none-eabi-6-2017-q2-update/bin/../lib/gcc/arm-none-eabi/6.3.1/../../../../arm-none-eabi/lib/thumb/v6-m/libc.a(lib_a-freer.o)
                0x000000000800bfe8                _malloc_trim_r
 .text._free_r  0x000000000800c088      0x1bc /Users/mtlsnk/Applications/gcc-arm-none-eabi-6-2017-q2-update/bin/../lib/gcc/arm-none-eabi/6.3.1/../../../../arm-none-eabi/lib/thumb/v6-m/libc.a(lib_a-freer.o)
                0x000000000800c088                _free_r
 .text.__ascii_mbtowc
                0x000000000800c244       0x2c /Users/mtlsnk/Applications/gcc-arm-none-eabi-6-2017-q2-update/bin/../lib/gcc/arm-none-eabi/6.3.1/../../../../arm-none-eabi/lib/thumb/v6-m/libc.a(lib_a-mbtowc_r.o)
                0x000000000800c244                __ascii_mbtowc
 .text.memmove  0x000000000800c270       0xa0 /Users/mtlsnk/Applications/gcc-arm-none-eabi-6-2017-q2-update/bin/../lib/gcc/arm-none-eabi/6.3.1/../../../../arm-none-eabi/lib/thumb/v6-m/libc.a(lib_a-memmove.o)
                0x000000000800c270                memmove
 .text._realloc_r
                0x000000000800c310      0x37c /Users/mtlsnk/Applications/gcc-arm-none-eabi-6-2017-q2-update/bin/../lib/gcc/arm-none-eabi/6.3.1/../../../../arm-none-eabi/lib/thumb/v6-m/libc.a(lib_a-reallocr.o)
                0x000000000800c310                _realloc_r
 .text.__ascii_wctomb
                0x000000000800c68c       0x1c /Users/mtlsnk/Applications/gcc-arm-none-eabi-6-2017-q2-update/bin/../lib/gcc/arm-none-eabi/6.3.1/../../../../arm-none-eabi/lib/thumb/v6-m/libc.a(lib_a-wctomb_r.o)
                0x000000000800c68c                __ascii_wctomb
 *(.glue_7)
 .glue_7        0x000000000800c6a8        0x0 linker stubs
 *(.glue_7t)
 .glue_7t       0x000000000800c6a8        0x0 linker stubs
 *(.eh_frame)
 .eh_frame      0x000000000800c6a8        0x0 /Users/mtlsnk/Applications/gcc-arm-none-eabi-6-2017-q2-update/bin/../lib/gcc/arm-none-eabi/6.3.1/thumb/v6-m/crtbegin.o
 *(.init)
 .init          0x000000000800c6a8        0x4 /Users/mtlsnk/Applications/gcc-arm-none-eabi-6-2017-q2-update/bin/../lib/gcc/arm-none-eabi/6.3.1/thumb/v6-m/crti.o
                0x000000000800c6a8                _init
 .init          0x000000000800c6ac        0x8 /Users/mtlsnk/Applications/gcc-arm-none-eabi-6-2017-q2-update/bin/../lib/gcc/arm-none-eabi/6.3.1/thumb/v6-m/crtn.o
 *(.fini)
 .fini          0x000000000800c6b4        0x4 /Users/mtlsnk/Applications/gcc-arm-none-eabi-6-2017-q2-update/bin/../lib/gcc/arm-none-eabi/6.3.1/thumb/v6-m/crti.o
                0x000000000800c6b4                _fini
 .fini          0x000000000800c6b8        0x8 /Users/mtlsnk/Applications/gcc-arm-none-eabi-6-2017-q2-update/bin/../lib/gcc/arm-none-eabi/6.3.1/thumb/v6-m/crtn.o
                0x000000000800c6c0                . = ALIGN (0x4)
                0x000000000800c6c0                _etext = .

.vfp11_veneer   0x000000000800c6c0        0x0
 .vfp11_veneer  0x000000000800c6c0        0x0 linker stubs

.v4_bx          0x000000000800c6c0        0x0
 .v4_bx         0x000000000800c6c0        0x0 linker stubs

.iplt           0x000000000800c6c0        0x0
 .iplt          0x000000000800c6c0        0x0 /Users/mtlsnk/Applications/gcc-arm-none-eabi-6-2017-q2-update/bin/../lib/gcc/arm-none-eabi/6.3.1/thumb/v6-m/crtbegin.o

.rodata         0x000000000800c6c0      0x980
                0x000000000800c6c0                . = ALIGN (0x4)
 *(.rodata)
 .rodata        0x000000000800c6c0       0x18 ./src/hw_rtc.o
 .rodata        0x000000000800c6d8       0x68 ./drivers/BSP/sx1272mb2das/sx1272mb2das.o
                0x000000000800c6d8                Radio
 .rodata        0x000000000800c740      0x300 ./middlewares/lora/crypto/aes.o
 .rodata        0x000000000800ca40       0x10 ./middlewares/lora/Mac/LoRaMac.o
 .rodata        0x000000000800ca50       0x5c ./middlewares/lora/Mac/Region/RegionEU868.o
 .rodata        0x000000000800caac       0x80 /Users/mtlsnk/Applications/gcc-arm-none-eabi-6-2017-q2-update/bin/../lib/gcc/arm-none-eabi/6.3.1/thumb/v6-m/libgcc.a(divsf3.o)
 .rodata        0x000000000800cb2c       0x40 /Users/mtlsnk/Applications/gcc-arm-none-eabi-6-2017-q2-update/bin/../lib/gcc/arm-none-eabi/6.3.1/thumb/v6-m/libgcc.a(mulsf3.o)
 .rodata        0x000000000800cb6c       0x40 /Users/mtlsnk/Applications/gcc-arm-none-eabi-6-2017-q2-update/bin/../lib/gcc/arm-none-eabi/6.3.1/thumb/v6-m/libgcc.a(divdf3.o)
 .rodata        0x000000000800cbac       0x40 /Users/mtlsnk/Applications/gcc-arm-none-eabi-6-2017-q2-update/bin/../lib/gcc/arm-none-eabi/6.3.1/thumb/v6-m/libgcc.a(muldf3.o)
 *(.rodata*)
 .rodata.str1.1
                0x000000000800cbec       0x21 ./src/main.o
 .rodata.cst1   0x000000000800cc0d        0x1 ./drivers/BSP/sx1272mb2das/sx1272mb2das.o
 .rodata.str1.1
                0x000000000800cc0e       0x41 ./middlewares/lora/core/lora.o
                                         0x4a (size before relaxing)
 *fill*         0x000000000800cc4f        0x1 
 .rodata._global_impure_ptr
                0x000000000800cc50        0x4 /Users/mtlsnk/Applications/gcc-arm-none-eabi-6-2017-q2-update/bin/../lib/gcc/arm-none-eabi/6.3.1/../../../../arm-none-eabi/lib/thumb/v6-m/libc.a(lib_a-impure.o)
                0x000000000800cc50                _global_impure_ptr
 .rodata._svfprintf_r
                0x000000000800cc54      0x164 /Users/mtlsnk/Applications/gcc-arm-none-eabi-6-2017-q2-update/bin/../lib/gcc/arm-none-eabi/6.3.1/../../../../arm-none-eabi/lib/thumb/v6-m/libc.a(lib_a-svfprintf.o)
 .rodata._svfprintf_r.str1.4
                0x000000000800cdb8       0x42 /Users/mtlsnk/Applications/gcc-arm-none-eabi-6-2017-q2-update/bin/../lib/gcc/arm-none-eabi/6.3.1/../../../../arm-none-eabi/lib/thumb/v6-m/libc.a(lib_a-svfprintf.o)
 *fill*         0x000000000800cdfa        0x2 
 .rodata.blanks.7223
                0x000000000800cdfc       0x10 /Users/mtlsnk/Applications/gcc-arm-none-eabi-6-2017-q2-update/bin/../lib/gcc/arm-none-eabi/6.3.1/../../../../arm-none-eabi/lib/thumb/v6-m/libc.a(lib_a-svfprintf.o)
 .rodata.zeroes.7224
                0x000000000800ce0c       0x10 /Users/mtlsnk/Applications/gcc-arm-none-eabi-6-2017-q2-update/bin/../lib/gcc/arm-none-eabi/6.3.1/../../../../arm-none-eabi/lib/thumb/v6-m/libc.a(lib_a-svfprintf.o)
 .rodata._dtoa_r.str1.4
                0x000000000800ce1c       0x10 /Users/mtlsnk/Applications/gcc-arm-none-eabi-6-2017-q2-update/bin/../lib/gcc/arm-none-eabi/6.3.1/../../../../arm-none-eabi/lib/thumb/v6-m/libc.a(lib_a-dtoa.o)
                                         0x12 (size before relaxing)
 *fill*         0x000000000800ce2c        0x4 
 .rodata.__mprec_bigtens
                0x000000000800ce30       0x28 /Users/mtlsnk/Applications/gcc-arm-none-eabi-6-2017-q2-update/bin/../lib/gcc/arm-none-eabi/6.3.1/../../../../arm-none-eabi/lib/thumb/v6-m/libc.a(lib_a-mprec.o)
                0x000000000800ce30                __mprec_bigtens
 .rodata.__mprec_tens
                0x000000000800ce58       0xc8 /Users/mtlsnk/Applications/gcc-arm-none-eabi-6-2017-q2-update/bin/../lib/gcc/arm-none-eabi/6.3.1/../../../../arm-none-eabi/lib/thumb/v6-m/libc.a(lib_a-mprec.o)
                0x000000000800ce58                __mprec_tens
 .rodata.p05.6055
                0x000000000800cf20        0xc /Users/mtlsnk/Applications/gcc-arm-none-eabi-6-2017-q2-update/bin/../lib/gcc/arm-none-eabi/6.3.1/../../../../arm-none-eabi/lib/thumb/v6-m/libc.a(lib_a-mprec.o)
 .rodata._setlocale_r.str1.4
                0x000000000800cf2c        0xa /Users/mtlsnk/Applications/gcc-arm-none-eabi-6-2017-q2-update/bin/../lib/gcc/arm-none-eabi/6.3.1/../../../../arm-none-eabi/lib/thumb/v6-m/libc.a(lib_a-locale.o)
                                          0xd (size before relaxing)
 *fill*         0x000000000800cf36        0x2 
 .rodata.str1.4
                0x000000000800cf38        0x4 /Users/mtlsnk/Applications/gcc-arm-none-eabi-6-2017-q2-update/bin/../lib/gcc/arm-none-eabi/6.3.1/../../../../arm-none-eabi/lib/thumb/v6-m/libc.a(lib_a-locale.o)
                                          0x2 (size before relaxing)
 .rodata._ctype_
                0x000000000800cf3c      0x101 /Users/mtlsnk/Applications/gcc-arm-none-eabi-6-2017-q2-update/bin/../lib/gcc/arm-none-eabi/6.3.1/../../../../arm-none-eabi/lib/thumb/v6-m/libc.a(lib_a-ctype_.o)
                0x000000000800cf3c                _ctype_
                0x000000000800d040                . = ALIGN (0x4)
 *fill*         0x000000000800d03d        0x3 

.ARM.extab      0x000000000800d040        0x0
                0x000000000800d040                . = ALIGN (0x4)
 *(.ARM.extab* .gnu.linkonce.armextab.*)
                0x000000000800d040                . = ALIGN (0x4)

.ARM            0x000000000800d040        0x8
                0x000000000800d040                . = ALIGN (0x4)
                0x000000000800d040                __exidx_start = .
 *(.ARM.exidx*)
 .ARM.exidx     0x000000000800d040        0x8 /Users/mtlsnk/Applications/gcc-arm-none-eabi-6-2017-q2-update/bin/../lib/gcc/arm-none-eabi/6.3.1/thumb/v6-m/libgcc.a(_udivmoddi4.o)
                0x000000000800d048                __exidx_end = .
                0x000000000800d048                . = ALIGN (0x4)

.rel.dyn        0x000000000800d048        0x0
 .rel.iplt      0x000000000800d048        0x0 /Users/mtlsnk/Applications/gcc-arm-none-eabi-6-2017-q2-update/bin/../lib/gcc/arm-none-eabi/6.3.1/thumb/v6-m/crtbegin.o

.preinit_array  0x000000000800d048        0x0
                0x000000000800d048                . = ALIGN (0x4)
                0x000000000800d048                PROVIDE (__preinit_array_start, .)
 *(.preinit_array*)
                0x000000000800d048                PROVIDE (__preinit_array_end, .)
                0x000000000800d048                . = ALIGN (0x4)

.init_array     0x000000000800d048        0x8
                0x000000000800d048                . = ALIGN (0x4)
                0x000000000800d048                PROVIDE (__init_array_start, .)
 *(SORT(.init_array.*))
 .init_array.00000
                0x000000000800d048        0x4 /Users/mtlsnk/Applications/gcc-arm-none-eabi-6-2017-q2-update/bin/../lib/gcc/arm-none-eabi/6.3.1/../../../../arm-none-eabi/lib/thumb/v6-m/libc.a(lib_a-__call_atexit.o)
 *(.init_array*)
 .init_array    0x000000000800d04c        0x4 /Users/mtlsnk/Applications/gcc-arm-none-eabi-6-2017-q2-update/bin/../lib/gcc/arm-none-eabi/6.3.1/thumb/v6-m/crtbegin.o
                0x000000000800d050                PROVIDE (__init_array_end, .)
                0x000000000800d050                . = ALIGN (0x4)

.fini_array     0x000000000800d050        0x4
                0x000000000800d050                . = ALIGN (0x4)
                0x000000000800d050                PROVIDE (__fini_array_start, .)
 *(SORT(.fini_array.*))
 *(.fini_array*)
 .fini_array    0x000000000800d050        0x4 /Users/mtlsnk/Applications/gcc-arm-none-eabi-6-2017-q2-update/bin/../lib/gcc/arm-none-eabi/6.3.1/thumb/v6-m/crtbegin.o
                0x000000000800d054                PROVIDE (__fini_array_end, .)
                0x000000000800d054                . = ALIGN (0x4)
                0x000000000800d054                _sidata = LOADADDR (.data)

.data           0x0000000020000000      0xab0 load address 0x000000000800d054
                0x0000000020000000                . = ALIGN (0x4)
                0x0000000020000000                _sdata = .
 *(.data)
 .data          0x0000000020000000       0x24 ./src/main.o
 .data          0x0000000020000024       0x1d ./src/system_stm32l0xx.o
                0x0000000020000024                SystemCoreClock
                0x0000000020000028                PLLMulTable
                0x0000000020000031                AHBPrescTable
 *fill*         0x0000000020000041        0x3 
 .data          0x0000000020000044       0x18 ./drivers/BSP/sx1272mb2das/sx1272mb2das.o
 .data          0x000000002000005c       0x2c ./middlewares/lora/core/lora.o
 .data          0x0000000020000088        0x3 ./middlewares/lora/Mac/LoRaMac.o
 .data          0x000000002000008b       0x20 ./middlewares/lora/Mac/LoRaMacCrypto.o
 *fill*         0x00000000200000ab        0x1 
 .data          0x00000000200000ac       0x50 ./middlewares/lora/Mac/Region/RegionEU868.o
 .data          0x00000000200000fc        0x4 ./middlewares/lora/Utilities/utilities.o
 *(.data*)
 .data._impure_ptr
                0x0000000020000100        0x4 /Users/mtlsnk/Applications/gcc-arm-none-eabi-6-2017-q2-update/bin/../lib/gcc/arm-none-eabi/6.3.1/../../../../arm-none-eabi/lib/thumb/v6-m/libc.a(lib_a-impure.o)
                0x0000000020000100                _impure_ptr
 *fill*         0x0000000020000104        0x4 
 .data.impure_data
                0x0000000020000108      0x428 /Users/mtlsnk/Applications/gcc-arm-none-eabi-6-2017-q2-update/bin/../lib/gcc/arm-none-eabi/6.3.1/../../../../arm-none-eabi/lib/thumb/v6-m/libc.a(lib_a-impure.o)
 .data.__atexit_recursive_mutex
                0x0000000020000530        0x4 /Users/mtlsnk/Applications/gcc-arm-none-eabi-6-2017-q2-update/bin/../lib/gcc/arm-none-eabi/6.3.1/../../../../arm-none-eabi/lib/thumb/v6-m/libc.a(lib_a-__call_atexit.o)
                0x0000000020000530                __atexit_recursive_mutex
 .data.__malloc_av_
                0x0000000020000534      0x408 /Users/mtlsnk/Applications/gcc-arm-none-eabi-6-2017-q2-update/bin/../lib/gcc/arm-none-eabi/6.3.1/../../../../arm-none-eabi/lib/thumb/v6-m/libc.a(lib_a-mallocr.o)
                0x0000000020000534                __malloc_av_
 .data.__malloc_sbrk_base
                0x000000002000093c        0x4 /Users/mtlsnk/Applications/gcc-arm-none-eabi-6-2017-q2-update/bin/../lib/gcc/arm-none-eabi/6.3.1/../../../../arm-none-eabi/lib/thumb/v6-m/libc.a(lib_a-mallocr.o)
                0x000000002000093c                __malloc_sbrk_base
 .data.__malloc_trim_threshold
                0x0000000020000940        0x4 /Users/mtlsnk/Applications/gcc-arm-none-eabi-6-2017-q2-update/bin/../lib/gcc/arm-none-eabi/6.3.1/../../../../arm-none-eabi/lib/thumb/v6-m/libc.a(lib_a-mallocr.o)
                0x0000000020000940                __malloc_trim_threshold
 .data.__global_locale
                0x0000000020000944      0x16c /Users/mtlsnk/Applications/gcc-arm-none-eabi-6-2017-q2-update/bin/../lib/gcc/arm-none-eabi/6.3.1/../../../../arm-none-eabi/lib/thumb/v6-m/libc.a(lib_a-locale.o)
                0x0000000020000944                __global_locale
                0x0000000020000ab0                . = ALIGN (0x4)
                0x0000000020000ab0                _edata = .

.jcr            0x0000000020000ab0        0x0 load address 0x000000000800db04
 .jcr           0x0000000020000ab0        0x0 /Users/mtlsnk/Applications/gcc-arm-none-eabi-6-2017-q2-update/bin/../lib/gcc/arm-none-eabi/6.3.1/thumb/v6-m/crtbegin.o

.igot.plt       0x0000000020000ab0        0x0 load address 0x000000000800db04
 .igot.plt      0x0000000020000ab0        0x0 /Users/mtlsnk/Applications/gcc-arm-none-eabi-6-2017-q2-update/bin/../lib/gcc/arm-none-eabi/6.3.1/thumb/v6-m/crtbegin.o
                0x0000000020000ab0                . = ALIGN (0x4)

.bss            0x0000000020000ab0      0xbec load address 0x000000000800db04
                0x0000000020000ab0                _sbss = .
                0x0000000020000ab0                __bss_start__ = _sbss
 *(.bss)
 .bss           0x0000000020000ab0       0x1c /Users/mtlsnk/Applications/gcc-arm-none-eabi-6-2017-q2-update/bin/../lib/gcc/arm-none-eabi/6.3.1/thumb/v6-m/crtbegin.o
 .bss           0x0000000020000acc        0x1 ./src/main.o
 *fill*         0x0000000020000acd        0x3 
 .bss           0x0000000020000ad0        0x8 ./src/system_syscalls.o
                0x0000000020000ad4                __env
 .bss           0x0000000020000ad8       0x40 ./src/hw_gpio.o
 .bss           0x0000000020000b18       0x71 ./src/hw_rtc.o
 *fill*         0x0000000020000b89        0x3 
 .bss           0x0000000020000b8c       0x58 ./src/hw_spi.o
 .bss           0x0000000020000be4       0x64 ./src/stm32l0xx_hw.o
 .bss           0x0000000020000c48      0x174 ./src/vcom.o
                0x0000000020000cb8                iw
 .bss           0x0000000020000dbc       0x7c ./middlewares/lora/core/lora.o
 .bss           0x0000000020000e38      0x481 ./middlewares/lora/Mac/LoRaMac.o
                0x0000000020000e70                LoRaMacState
                0x000000002000126c                TxTimeOnAir
 *fill*         0x00000000200012b9        0x3 
 .bss           0x00000000200012bc      0x229 ./middlewares/lora/Mac/LoRaMacCrypto.o
 *fill*         0x00000000200014e5        0x3 
 .bss           0x00000000200014e8       0xc4 ./middlewares/lora/Mac/Region/RegionEU868.o
 .bss           0x00000000200015ac        0x4 ./middlewares/lora/Utilities/low_power.o
 .bss           0x00000000200015b0        0x4 ./middlewares/lora/Utilities/timeServer.o
 *(.bss*)
 .bss.__malloc_current_mallinfo
                0x00000000200015b4       0x28 /Users/mtlsnk/Applications/gcc-arm-none-eabi-6-2017-q2-update/bin/../lib/gcc/arm-none-eabi/6.3.1/../../../../arm-none-eabi/lib/thumb/v6-m/libc.a(lib_a-mallocr.o)
                0x00000000200015b4                __malloc_current_mallinfo
 .bss.__malloc_max_sbrked_mem
                0x00000000200015dc        0x4 /Users/mtlsnk/Applications/gcc-arm-none-eabi-6-2017-q2-update/bin/../lib/gcc/arm-none-eabi/6.3.1/../../../../arm-none-eabi/lib/thumb/v6-m/libc.a(lib_a-mallocr.o)
                0x00000000200015dc                __malloc_max_sbrked_mem
 .bss.__malloc_max_total_mem
                0x00000000200015e0        0x4 /Users/mtlsnk/Applications/gcc-arm-none-eabi-6-2017-q2-update/bin/../lib/gcc/arm-none-eabi/6.3.1/../../../../arm-none-eabi/lib/thumb/v6-m/libc.a(lib_a-mallocr.o)
                0x00000000200015e0                __malloc_max_total_mem
 .bss.__malloc_top_pad
                0x00000000200015e4        0x4 /Users/mtlsnk/Applications/gcc-arm-none-eabi-6-2017-q2-update/bin/../lib/gcc/arm-none-eabi/6.3.1/../../../../arm-none-eabi/lib/thumb/v6-m/libc.a(lib_a-mallocr.o)
                0x00000000200015e4                __malloc_top_pad
 *(COMMON)
 COMMON         0x00000000200015e8        0x4 ./drivers/STM32L0xx_HAL_Driver/src/stm32l0xx_hal.o
                0x00000000200015e8                uwTick
 COMMON         0x00000000200015ec       0x14 ./middlewares/lora/core/lora.o
                0x00000000200015ec                ComplianceTest
 COMMON         0x0000000020001600       0x74 ./middlewares/lora/Mac/LoRaMac.o
                0x0000000020001600                LoRaMacFlags
                0x0000000020001604                LoRaMacParamsDefaults
                0x000000002000163c                LoRaMacParams
 COMMON         0x0000000020001674       0x21 /Users/mtlsnk/Applications/gcc-arm-none-eabi-6-2017-q2-update/bin/../lib/gcc/arm-none-eabi/6.3.1/../../../../arm-none-eabi/lib/thumb/v6-m/libc.a(lib_a-lock.o)
                0x0000000020001674                __lock___atexit_recursive_mutex
                0x0000000020001678                __lock___arc4random_mutex
                0x000000002000167c                __lock___env_recursive_mutex
                0x0000000020001680                __lock___sinit_recursive_mutex
                0x0000000020001684                __lock___malloc_recursive_mutex
                0x0000000020001688                __lock___at_quick_exit_mutex
                0x000000002000168c                __lock___dd_hash_mutex
                0x0000000020001690                __lock___tz_mutex
                0x0000000020001694                __lock___sfp_recursive_mutex
 *fill*         0x0000000020001695        0x3 
 COMMON         0x0000000020001698        0x4 /Users/mtlsnk/Applications/gcc-arm-none-eabi-6-2017-q2-update/bin/../lib/gcc/arm-none-eabi/6.3.1/../../../../arm-none-eabi/lib/thumb/v6-m/libc.a(lib_a-reent.o)
                0x0000000020001698                errno
                0x000000002000169c                . = ALIGN (0x4)
                0x000000002000169c                _ebss = .
                0x000000002000169c                __bss_end__ = _ebss

._user_heap_stack
                0x000000002000169c      0x404 load address 0x000000000800db04
                0x00000000200016a0                . = ALIGN (0x8)
 *fill*         0x000000002000169c        0x4 
                0x00000000200016a0                PROVIDE (end, .)
                [!provide]                        PROVIDE (_end, .)
                0x00000000200016a0                . = (. + _Min_Heap_Size)
                0x0000000020001aa0                . = (. + _Min_Stack_Size)
 *fill*         0x00000000200016a0      0x400 
                0x0000000020001aa0                . = ALIGN (0x8)

/DISCARD/
 libc.a(*)
 libm.a(*)
 libgcc.a(*)

.ARM.attributes
                0x0000000000000000       0x28
 *(.ARM.attributes)
 .ARM.attributes
                0x0000000000000000       0x1e /Users/mtlsnk/Applications/gcc-arm-none-eabi-6-2017-q2-update/bin/../lib/gcc/arm-none-eabi/6.3.1/thumb/v6-m/crti.o
 .ARM.attributes
                0x000000000000001e       0x2c /Users/mtlsnk/Applications/gcc-arm-none-eabi-6-2017-q2-update/bin/../lib/gcc/arm-none-eabi/6.3.1/thumb/v6-m/crtbegin.o
 .ARM.attributes
                0x000000000000004a       0x22 ./startup/startup_stm32l073xx.o
 .ARM.attributes
                0x000000000000006c       0x32 ./src/main.o
 .ARM.attributes
                0x000000000000009e       0x32 ./src/system_syscalls.o
 .ARM.attributes
                0x00000000000000d0       0x32 ./src/system_stm32l0xx.o
 .ARM.attributes
                0x0000000000000102       0x32 ./src/bsp.o
 .ARM.attributes
                0x0000000000000134       0x32 ./src/debug.o
 .ARM.attributes
                0x0000000000000166       0x32 ./src/hw_gpio.o
 .ARM.attributes
                0x0000000000000198       0x32 ./src/hw_rtc.o
 .ARM.attributes
                0x00000000000001ca       0x32 ./src/hw_spi.o
 .ARM.attributes
                0x00000000000001fc       0x32 ./src/stm32l0xx_hal_msp.o
 .ARM.attributes
                0x000000000000022e       0x32 ./src/stm32l0xx_hw.o
 .ARM.attributes
                0x0000000000000260       0x32 ./src/stm32l0xx_it.o
 .ARM.attributes
                0x0000000000000292       0x32 ./src/vcom.o
 .ARM.attributes
                0x00000000000002c4       0x32 ./drivers/STM32L0xx_HAL_Driver/src/stm32l0xx_hal.o
 .ARM.attributes
                0x00000000000002f6       0x32 ./drivers/STM32L0xx_HAL_Driver/src/stm32l0xx_hal_cortex.o
 .ARM.attributes
                0x0000000000000328       0x32 ./drivers/STM32L0xx_HAL_Driver/src/stm32l0xx_hal_gpio.o
 .ARM.attributes
                0x000000000000035a       0x32 ./drivers/STM32L0xx_HAL_Driver/src/stm32l0xx_hal_pwr.o
 .ARM.attributes
                0x000000000000038c       0x32 ./drivers/STM32L0xx_HAL_Driver/src/stm32l0xx_hal_pwr_ex.o
 .ARM.attributes
                0x00000000000003be       0x32 ./drivers/STM32L0xx_HAL_Driver/src/stm32l0xx_hal_rtc.o
 .ARM.attributes
                0x00000000000003f0       0x32 ./drivers/STM32L0xx_HAL_Driver/src/stm32l0xx_hal_rtc_ex.o
 .ARM.attributes
                0x0000000000000422       0x32 ./drivers/STM32L0xx_HAL_Driver/src/stm32l0xx_hal_spi.o
 .ARM.attributes
                0x0000000000000454       0x32 ./drivers/BSP/sx1272mb2das/sx1272mb2das.o
 .ARM.attributes
                0x0000000000000486       0x32 ./middlewares/lora/core/lora.o
 .ARM.attributes
                0x00000000000004b8       0x32 ./middlewares/lora/crypto/aes.o
 .ARM.attributes
                0x00000000000004ea       0x32 ./middlewares/lora/crypto/cmac.o
 .ARM.attributes
                0x000000000000051c       0x32 ./middlewares/lora/Mac/LoRaMac.o
 .ARM.attributes
                0x000000000000054e       0x32 ./middlewares/lora/Mac/LoRaMacCrypto.o
 .ARM.attributes
                0x0000000000000580       0x32 ./middlewares/lora/Mac/Region/Region.o
 .ARM.attributes
                0x00000000000005b2       0x32 ./middlewares/lora/Mac/Region/RegionEU868.o
 .ARM.attributes
                0x00000000000005e4       0x32 ./middlewares/lora/Utilities/low_power.o
 .ARM.attributes
                0x0000000000000616       0x32 ./middlewares/lora/Utilities/timeServer.o
 .ARM.attributes
                0x0000000000000648       0x32 ./middlewares/lora/Utilities/utilities.o
 .ARM.attributes
                0x000000000000067a       0x1e /Users/mtlsnk/Applications/gcc-arm-none-eabi-6-2017-q2-update/bin/../lib/gcc/arm-none-eabi/6.3.1/thumb/v6-m/libgcc.a(_thumb1_case_uqi.o)
 .ARM.attributes
                0x0000000000000698       0x1e /Users/mtlsnk/Applications/gcc-arm-none-eabi-6-2017-q2-update/bin/../lib/gcc/arm-none-eabi/6.3.1/thumb/v6-m/libgcc.a(_thumb1_case_uhi.o)
 .ARM.attributes
                0x00000000000006b6       0x1e /Users/mtlsnk/Applications/gcc-arm-none-eabi-6-2017-q2-update/bin/../lib/gcc/arm-none-eabi/6.3.1/thumb/v6-m/libgcc.a(_udivsi3.o)
 .ARM.attributes
                0x00000000000006d4       0x1e /Users/mtlsnk/Applications/gcc-arm-none-eabi-6-2017-q2-update/bin/../lib/gcc/arm-none-eabi/6.3.1/thumb/v6-m/libgcc.a(_divsi3.o)
 .ARM.attributes
                0x00000000000006f2       0x1e /Users/mtlsnk/Applications/gcc-arm-none-eabi-6-2017-q2-update/bin/../lib/gcc/arm-none-eabi/6.3.1/thumb/v6-m/libgcc.a(_dvmd_tls.o)
 .ARM.attributes
                0x0000000000000710       0x1e /Users/mtlsnk/Applications/gcc-arm-none-eabi-6-2017-q2-update/bin/../lib/gcc/arm-none-eabi/6.3.1/thumb/v6-m/libgcc.a(_aeabi_uldivmod.o)
 .ARM.attributes
                0x000000000000072e       0x2c /Users/mtlsnk/Applications/gcc-arm-none-eabi-6-2017-q2-update/bin/../lib/gcc/arm-none-eabi/6.3.1/thumb/v6-m/libgcc.a(_muldi3.o)
 .ARM.attributes
                0x000000000000075a       0x2c /Users/mtlsnk/Applications/gcc-arm-none-eabi-6-2017-q2-update/bin/../lib/gcc/arm-none-eabi/6.3.1/thumb/v6-m/libgcc.a(_fixunssfsi.o)
 .ARM.attributes
                0x0000000000000786       0x2c /Users/mtlsnk/Applications/gcc-arm-none-eabi-6-2017-q2-update/bin/../lib/gcc/arm-none-eabi/6.3.1/thumb/v6-m/libgcc.a(_udivmoddi4.o)
 .ARM.attributes
                0x00000000000007b2       0x2c /Users/mtlsnk/Applications/gcc-arm-none-eabi-6-2017-q2-update/bin/../lib/gcc/arm-none-eabi/6.3.1/thumb/v6-m/libgcc.a(divsf3.o)
 .ARM.attributes
                0x00000000000007de       0x2c /Users/mtlsnk/Applications/gcc-arm-none-eabi-6-2017-q2-update/bin/../lib/gcc/arm-none-eabi/6.3.1/thumb/v6-m/libgcc.a(mulsf3.o)
 .ARM.attributes
                0x000000000000080a       0x2c /Users/mtlsnk/Applications/gcc-arm-none-eabi-6-2017-q2-update/bin/../lib/gcc/arm-none-eabi/6.3.1/thumb/v6-m/libgcc.a(subsf3.o)
 .ARM.attributes
                0x0000000000000836       0x2c /Users/mtlsnk/Applications/gcc-arm-none-eabi-6-2017-q2-update/bin/../lib/gcc/arm-none-eabi/6.3.1/thumb/v6-m/libgcc.a(fixsfsi.o)
 .ARM.attributes
                0x0000000000000862       0x2c /Users/mtlsnk/Applications/gcc-arm-none-eabi-6-2017-q2-update/bin/../lib/gcc/arm-none-eabi/6.3.1/thumb/v6-m/libgcc.a(floatunsisf.o)
 .ARM.attributes
                0x000000000000088e       0x1e /Users/mtlsnk/Applications/gcc-arm-none-eabi-6-2017-q2-update/bin/../lib/gcc/arm-none-eabi/6.3.1/thumb/v6-m/libgcc.a(_arm_cmpsf2.o)
 .ARM.attributes
                0x00000000000008ac       0x1e /Users/mtlsnk/Applications/gcc-arm-none-eabi-6-2017-q2-update/bin/../lib/gcc/arm-none-eabi/6.3.1/thumb/v6-m/libgcc.a(_clzsi2.o)
 .ARM.attributes
                0x00000000000008ca       0x1e /Users/mtlsnk/Applications/gcc-arm-none-eabi-6-2017-q2-update/bin/../lib/gcc/arm-none-eabi/6.3.1/thumb/v6-m/libgcc.a(_clzdi2.o)
 .ARM.attributes
                0x00000000000008e8       0x2c /Users/mtlsnk/Applications/gcc-arm-none-eabi-6-2017-q2-update/bin/../lib/gcc/arm-none-eabi/6.3.1/thumb/v6-m/libgcc.a(eqsf2.o)
 .ARM.attributes
                0x0000000000000914       0x2c /Users/mtlsnk/Applications/gcc-arm-none-eabi-6-2017-q2-update/bin/../lib/gcc/arm-none-eabi/6.3.1/thumb/v6-m/libgcc.a(gesf2.o)
 .ARM.attributes
                0x0000000000000940       0x2c /Users/mtlsnk/Applications/gcc-arm-none-eabi-6-2017-q2-update/bin/../lib/gcc/arm-none-eabi/6.3.1/thumb/v6-m/libgcc.a(lesf2.o)
 .ARM.attributes
                0x000000000000096c       0x2c /Users/mtlsnk/Applications/gcc-arm-none-eabi-6-2017-q2-update/bin/../lib/gcc/arm-none-eabi/6.3.1/../../../../arm-none-eabi/lib/thumb/v6-m/libc.a(lib_a-errno.o)
 .ARM.attributes
                0x0000000000000998       0x2c /Users/mtlsnk/Applications/gcc-arm-none-eabi-6-2017-q2-update/bin/../lib/gcc/arm-none-eabi/6.3.1/../../../../arm-none-eabi/lib/thumb/v6-m/libc.a(lib_a-impure.o)
 .ARM.attributes
                0x00000000000009c4       0x2c /Users/mtlsnk/Applications/gcc-arm-none-eabi-6-2017-q2-update/bin/../lib/gcc/arm-none-eabi/6.3.1/../../../../arm-none-eabi/lib/thumb/v6-m/libc.a(lib_a-init.o)
 .ARM.attributes
                0x00000000000009f0       0x2c /Users/mtlsnk/Applications/gcc-arm-none-eabi-6-2017-q2-update/bin/../lib/gcc/arm-none-eabi/6.3.1/../../../../arm-none-eabi/lib/thumb/v6-m/libc.a(lib_a-memcpy-stub.o)
 .ARM.attributes
                0x0000000000000a1c       0x2c /Users/mtlsnk/Applications/gcc-arm-none-eabi-6-2017-q2-update/bin/../lib/gcc/arm-none-eabi/6.3.1/../../../../arm-none-eabi/lib/thumb/v6-m/libc.a(lib_a-memset.o)
 .ARM.attributes
                0x0000000000000a48       0x2c /Users/mtlsnk/Applications/gcc-arm-none-eabi-6-2017-q2-update/bin/../lib/gcc/arm-none-eabi/6.3.1/../../../../arm-none-eabi/lib/thumb/v6-m/libc.a(lib_a-vsprintf.o)
 .ARM.attributes
                0x0000000000000a74       0x2c /Users/mtlsnk/Applications/gcc-arm-none-eabi-6-2017-q2-update/bin/../lib/gcc/arm-none-eabi/6.3.1/../../../../arm-none-eabi/lib/thumb/v6-m/libc.a(lib_a-__call_atexit.o)
 .ARM.attributes
                0x0000000000000aa0       0x2c /Users/mtlsnk/Applications/gcc-arm-none-eabi-6-2017-q2-update/bin/../lib/gcc/arm-none-eabi/6.3.1/../../../../arm-none-eabi/lib/thumb/v6-m/libc.a(lib_a-atexit.o)
 .ARM.attributes
                0x0000000000000acc       0x2c /Users/mtlsnk/Applications/gcc-arm-none-eabi-6-2017-q2-update/bin/../lib/gcc/arm-none-eabi/6.3.1/../../../../arm-none-eabi/lib/thumb/v6-m/libc.a(lib_a-fini.o)
 .ARM.attributes
                0x0000000000000af8       0x2c /Users/mtlsnk/Applications/gcc-arm-none-eabi-6-2017-q2-update/bin/../lib/gcc/arm-none-eabi/6.3.1/../../../../arm-none-eabi/lib/thumb/v6-m/libc.a(lib_a-lock.o)
 .ARM.attributes
                0x0000000000000b24       0x2c /Users/mtlsnk/Applications/gcc-arm-none-eabi-6-2017-q2-update/bin/../lib/gcc/arm-none-eabi/6.3.1/../../../../arm-none-eabi/lib/thumb/v6-m/libc.a(lib_a-svfprintf.o)
 .ARM.attributes
                0x0000000000000b50       0x2c /Users/mtlsnk/Applications/gcc-arm-none-eabi-6-2017-q2-update/bin/../lib/gcc/arm-none-eabi/6.3.1/../../../../arm-none-eabi/lib/thumb/v6-m/libc.a(lib_a-__atexit.o)
 .ARM.attributes
                0x0000000000000b7c       0x2c /Users/mtlsnk/Applications/gcc-arm-none-eabi-6-2017-q2-update/bin/../lib/gcc/arm-none-eabi/6.3.1/../../../../arm-none-eabi/lib/thumb/v6-m/libc.a(lib_a-dtoa.o)
 .ARM.attributes
                0x0000000000000ba8       0x2c /Users/mtlsnk/Applications/gcc-arm-none-eabi-6-2017-q2-update/bin/../lib/gcc/arm-none-eabi/6.3.1/../../../../arm-none-eabi/lib/thumb/v6-m/libc.a(lib_a-localeconv.o)
 .ARM.attributes
                0x0000000000000bd4       0x2c /Users/mtlsnk/Applications/gcc-arm-none-eabi-6-2017-q2-update/bin/../lib/gcc/arm-none-eabi/6.3.1/../../../../arm-none-eabi/lib/thumb/v6-m/libc.a(lib_a-mallocr.o)
 .ARM.attributes
                0x0000000000000c00       0x2c /Users/mtlsnk/Applications/gcc-arm-none-eabi-6-2017-q2-update/bin/../lib/gcc/arm-none-eabi/6.3.1/../../../../arm-none-eabi/lib/thumb/v6-m/libc.a(lib_a-memchr-stub.o)
 .ARM.attributes
                0x0000000000000c2c       0x2c /Users/mtlsnk/Applications/gcc-arm-none-eabi-6-2017-q2-update/bin/../lib/gcc/arm-none-eabi/6.3.1/../../../../arm-none-eabi/lib/thumb/v6-m/libc.a(lib_a-mlock.o)
 .ARM.attributes
                0x0000000000000c58       0x2c /Users/mtlsnk/Applications/gcc-arm-none-eabi-6-2017-q2-update/bin/../lib/gcc/arm-none-eabi/6.3.1/../../../../arm-none-eabi/lib/thumb/v6-m/libc.a(lib_a-mprec.o)
 .ARM.attributes
                0x0000000000000c84       0x2c /Users/mtlsnk/Applications/gcc-arm-none-eabi-6-2017-q2-update/bin/../lib/gcc/arm-none-eabi/6.3.1/../../../../arm-none-eabi/lib/thumb/v6-m/libc.a(lib_a-sbrkr.o)
 .ARM.attributes
                0x0000000000000cb0       0x2c /Users/mtlsnk/Applications/gcc-arm-none-eabi-6-2017-q2-update/bin/../lib/gcc/arm-none-eabi/6.3.1/../../../../arm-none-eabi/lib/thumb/v6-m/libc.a(lib_a-strlen-stub.o)
 .ARM.attributes
                0x0000000000000cdc       0x2c /Users/mtlsnk/Applications/gcc-arm-none-eabi-6-2017-q2-update/bin/../lib/gcc/arm-none-eabi/6.3.1/../../../../arm-none-eabi/lib/thumb/v6-m/libc.a(lib_a-svfiprintf.o)
 .ARM.attributes
                0x0000000000000d08       0x2c /Users/mtlsnk/Applications/gcc-arm-none-eabi-6-2017-q2-update/bin/../lib/gcc/arm-none-eabi/6.3.1/../../../../arm-none-eabi/lib/thumb/v6-m/libc.a(lib_a-callocr.o)
 .ARM.attributes
                0x0000000000000d34       0x2c /Users/mtlsnk/Applications/gcc-arm-none-eabi-6-2017-q2-update/bin/../lib/gcc/arm-none-eabi/6.3.1/../../../../arm-none-eabi/lib/thumb/v6-m/libc.a(lib_a-freer.o)
 .ARM.attributes
                0x0000000000000d60       0x2c /Users/mtlsnk/Applications/gcc-arm-none-eabi-6-2017-q2-update/bin/../lib/gcc/arm-none-eabi/6.3.1/../../../../arm-none-eabi/lib/thumb/v6-m/libc.a(lib_a-locale.o)
 .ARM.attributes